
*** Running vivado
    with args -log systolic_top.vds -m64 -product Vivado -mode batch -messageDb vivado.pb -notrace -source systolic_top.tcl



****** Vivado v2025.2 (64-bit)
  **** SW Build 6299465 on Fri Nov 14 19:35:11 GMT 2025
  **** IP Build 6300035 on Fri Nov 14 10:48:45 MST 2025
  **** SharedData Build 6298862 on Thu Nov 13 04:50:51 MST 2025
  **** Start of session at: Thu Oct  8 00:34:03 2026
    ** Copyright 1986-2022 Xilinx, Inc. All Rights Reserved.
    ** Copyright 2022-2025 Advanced Micro Devices, Inc. All Rights Reserved.

source systolic_top.tcl -notrace
create_project: Time (s): cpu = 00:00:09 ; elapsed = 00:00:07 . Memory (MB): peak = 522.289 ; gain = 218.008
Command: read_checkpoint -auto_incremental -incremental {C:/Users/Bhakti Lambate/Systolic/Systolic.srcs/utils_1/imports/synth_1/systolic_array.dcp}
INFO: [Vivado 12-5825] Read reference checkpoint from C:/Users/Bhakti Lambate/Systolic/Systolic.srcs/utils_1/imports/synth_1/systolic_array.dcp for incremental synthesis
INFO: [Vivado 12-7989] Please ensure there are no constraint changes
Command: synth_design -top systolic_top -part xc7s6ftgb196-1
Starting synth_design
Attempting to get a license for feature 'Synthesis' and/or device 'xc7s6'
INFO: [Common 17-349] Got license for feature 'Synthesis' and/or device 'xc7s6'
INFO: [Designutils 20-5440] No compile time benefit to using incremental synthesis; A full resynthesis will be run
INFO: [Designutils 20-4379] Flow is switching to default flow due to incremental criteria not met. If you would like to alter this behaviour and have the flow terminate instead, please set the following parameter config_implementation {autoIncr.Synth.RejectBehavior Terminate}
INFO: [Synth 8-7079] Multithreading enabled for synth_design using a maximum of 2 processes.
INFO: [Synth 8-7078] Launching helper process for spawning children vivado processes
INFO: [Synth 8-7075] Helper process launched with PID 9508
---------------------------------------------------------------------------------
Starting Synthesize : Time (s): cpu = 00:00:05 ; elapsed = 00:00:06 . Memory (MB): peak = 1067.992 ; gain = 534.977
---------------------------------------------------------------------------------
INFO: [Synth 8-6157] synthesizing module 'systolic_top' [C:/Users/Bhakti Lambate/Systolic/Systolic.srcs/sources_1/new/systolic_top.sv:3]
INFO: [Synth 8-6157] synthesizing module 'matrix_bram' [C:/Users/Bhakti Lambate/Systolic/Systolic.srcs/sources_1/new/matrix_bram.sv:3]
	Parameter DATA_WIDTH bound to: 32'sb00000000000000000000000000001000 
	Parameter ADDR_WIDTH bound to: 32'sb00000000000000000000000000000100 
	Parameter DEPTH bound to: 32'sb00000000000000000000000000010000 
INFO: [Synth 8-6155] done synthesizing module 'matrix_bram' (0#1) [C:/Users/Bhakti Lambate/Systolic/Systolic.srcs/sources_1/new/matrix_bram.sv:3]
INFO: [Synth 8-6157] synthesizing module 'gemm_controller' [C:/Users/Bhakti Lambate/Systolic/Systolic.srcs/sources_1/new/gemm_controller.sv:3]
	Parameter ADDR_WIDTH bound to: 32'sb00000000000000000000000000000100 
	Parameter MAX_COUNT bound to: 32'sb00000000000000000000000000001000 
INFO: [Synth 8-226] default block is never used [C:/Users/Bhakti Lambate/Systolic/Systolic.srcs/sources_1/new/gemm_controller.sv:50]
INFO: [Synth 8-6155] done synthesizing module 'gemm_controller' (0#1) [C:/Users/Bhakti Lambate/Systolic/Systolic.srcs/sources_1/new/gemm_controller.sv:3]
INFO: [Synth 8-6157] synthesizing module 'systolic_array' [C:/Users/Bhakti Lambate/Systolic/Systolic.srcs/sources_1/new/systolic_array.sv:3]
	Parameter N bound to: 32'sb00000000000000000000000000000010 
	Parameter DATA_WIDTH bound to: 32'sb00000000000000000000000000001000 
	Parameter ACC_WIDTH bound to: 32'sb00000000000000000000000000011000 
INFO: [Synth 8-6157] synthesizing module 'skew_buffer' [C:/Users/Bhakti Lambate/Systolic/Systolic.srcs/sources_1/new/skew_buffer.sv:3]
	Parameter DATA_WIDTH bound to: 32'sb00000000000000000000000000001000 
	Parameter DELAY_CYCLES bound to: 0 - type: integer 
INFO: [Synth 8-6155] done synthesizing module 'skew_buffer' (0#1) [C:/Users/Bhakti Lambate/Systolic/Systolic.srcs/sources_1/new/skew_buffer.sv:3]
INFO: [Synth 8-6157] synthesizing module 'skew_buffer__parameterized0' [C:/Users/Bhakti Lambate/Systolic/Systolic.srcs/sources_1/new/skew_buffer.sv:3]
	Parameter DATA_WIDTH bound to: 32'sb00000000000000000000000000001000 
	Parameter DELAY_CYCLES bound to: 1 - type: integer 
INFO: [Synth 8-6155] done synthesizing module 'skew_buffer__parameterized0' (0#1) [C:/Users/Bhakti Lambate/Systolic/Systolic.srcs/sources_1/new/skew_buffer.sv:3]
INFO: [Synth 8-6157] synthesizing module 'pe' [C:/Users/Bhakti Lambate/Systolic/Systolic.srcs/sources_1/new/pe.sv:3]
	Parameter DATA_WIDTH bound to: 32'sb00000000000000000000000000001000 
	Parameter ACC_WIDTH bound to: 32'sb00000000000000000000000000011000 
INFO: [Synth 8-6155] done synthesizing module 'pe' (0#1) [C:/Users/Bhakti Lambate/Systolic/Systolic.srcs/sources_1/new/pe.sv:3]
INFO: [Synth 8-6155] done synthesizing module 'systolic_array' (0#1) [C:/Users/Bhakti Lambate/Systolic/Systolic.srcs/sources_1/new/systolic_array.sv:3]
INFO: [Synth 8-6157] synthesizing module 'spatial_denoiser' [C:/Users/Bhakti Lambate/Systolic/Systolic.srcs/sources_1/new/spatial_denoiser.sv:3]
	Parameter N bound to: 32'sb00000000000000000000000000000010 
	Parameter ACC_WIDTH bound to: 32'sb00000000000000000000000000011000 
	Parameter OUT_WIDTH bound to: 32'sb00000000000000000000000000001000 
INFO: [Synth 8-6155] done synthesizing module 'spatial_denoiser' (0#1) [C:/Users/Bhakti Lambate/Systolic/Systolic.srcs/sources_1/new/spatial_denoiser.sv:3]
INFO: [Synth 8-6155] done synthesizing module 'systolic_top' (0#1) [C:/Users/Bhakti Lambate/Systolic/Systolic.srcs/sources_1/new/systolic_top.sv:3]
WARNING: [Synth 8-7129] Port clk in module skew_buffer is either unconnected or has no load
WARNING: [Synth 8-7129] Port rst_n in module skew_buffer is either unconnected or has no load
---------------------------------------------------------------------------------
Finished Synthesize : Time (s): cpu = 00:00:07 ; elapsed = 00:00:08 . Memory (MB): peak = 1187.125 ; gain = 654.109
---------------------------------------------------------------------------------
---------------------------------------------------------------------------------
Finished Constraint Validation : Time (s): cpu = 00:00:08 ; elapsed = 00:00:09 . Memory (MB): peak = 1187.125 ; gain = 654.109
---------------------------------------------------------------------------------
---------------------------------------------------------------------------------
Start Loading Part and Timing Information
---------------------------------------------------------------------------------
Loading part: xc7s6ftgb196-1
---------------------------------------------------------------------------------
INFO: [Device 21-403] Loading part xc7s6ftgb196-1
Finished Loading Part and Timing Information : Time (s): cpu = 00:00:08 ; elapsed = 00:00:10 . Memory (MB): peak = 1187.125 ; gain = 654.109
---------------------------------------------------------------------------------
INFO: [Synth 8-802] inferred FSM for state register 'current_state_reg' in module 'gemm_controller'
---------------------------------------------------------------------------------------------------
                   State |                     New Encoding |                Previous Encoding 
---------------------------------------------------------------------------------------------------
                 ST_IDLE |                             0001 |                               00
                ST_CLEAR |                             0010 |                               01
                  ST_RUN |                             0100 |                               10
                 ST_DONE |                             1000 |                               11
---------------------------------------------------------------------------------------------------
INFO: [Synth 8-3354] encoded FSM with state register 'current_state_reg' using encoding 'one-hot' in module 'gemm_controller'
---------------------------------------------------------------------------------
Finished RTL Optimization Phase 2 : Time (s): cpu = 00:00:08 ; elapsed = 00:00:10 . Memory (MB): peak = 1187.125 ; gain = 654.109
---------------------------------------------------------------------------------
No constraint files found.
---------------------------------------------------------------------------------
Start RTL Component Statistics 
---------------------------------------------------------------------------------
Detailed RTL Component Info : 
+---Adders : 
	   2 Input    4 Bit       Adders := 1     
+---Registers : 
	               24 Bit    Registers := 4     
	                8 Bit    Registers := 18    
	                4 Bit    Registers := 1     
	                1 Bit    Registers := 1     
+---RAMs : 
	              128 Bit	(16 X 8 bit)          RAMs := 4     
+---Muxes : 
	   2 Input   24 Bit        Muxes := 4     
	   2 Input    8 Bit        Muxes := 8     
	   2 Input    4 Bit        Muxes := 2     
	   2 Input    1 Bit        Muxes := 1     
	   4 Input    1 Bit        Muxes := 1     
---------------------------------------------------------------------------------
Finished RTL Component Statistics 
---------------------------------------------------------------------------------
---------------------------------------------------------------------------------
Start Part Resource Summary
---------------------------------------------------------------------------------
Part Resources:
DSPs: 10 (col length:20)
BRAMs: 10 (col length: RAMB18 20 RAMB36 10)
---------------------------------------------------------------------------------
Finished Part Resource Summary
---------------------------------------------------------------------------------
No constraint files found.
---------------------------------------------------------------------------------
Start Cross Boundary and Area Optimization
---------------------------------------------------------------------------------
---------------------------------------------------------------------------------
Finished Cross Boundary and Area Optimization : Time (s): cpu = 00:00:19 ; elapsed = 00:00:23 . Memory (MB): peak = 1369.930 ; gain = 836.914
---------------------------------------------------------------------------------
---------------------------------------------------------------------------------
Start ROM, RAM, DSP, Shift Register and Retiming Reporting
---------------------------------------------------------------------------------

Distributed RAM: Preliminary Mapping Report (see note below)
+-------------+------------------------------+-----------+----------------------+---------------+
|Module Name  | RTL Object                   | Inference | Size (Depth x Width) | Primitives    | 
+-------------+------------------------------+-----------+----------------------+---------------+
|systolic_top | bram_bank_b[1].mem_b/ram_reg | Implied   | 16 x 8               | RAM16X1S x 8  | 
|systolic_top | bram_bank_a[1].mem_a/ram_reg | Implied   | 16 x 8               | RAM16X1S x 8  | 
|systolic_top | bram_bank_b[0].mem_b/ram_reg | Implied   | 16 x 8               | RAM16X1S x 8  | 
|systolic_top | bram_bank_a[0].mem_a/ram_reg | Implied   | 16 x 8               | RAM16X1S x 8  | 
+-------------+------------------------------+-----------+----------------------+---------------+

Note: The table above is a preliminary report that shows the Distributed RAMs at the current stage of the synthesis flow. Some Distributed RAMs may be reimplemented as non Distributed RAM primitives later in the synthesis flow. Multiple instantiated RAMs are reported only once.
---------------------------------------------------------------------------------
Finished ROM, RAM, DSP, Shift Register and Retiming Reporting
---------------------------------------------------------------------------------
No constraint files found.
---------------------------------------------------------------------------------
Start Timing Optimization
---------------------------------------------------------------------------------
---------------------------------------------------------------------------------
Finished Timing Optimization : Time (s): cpu = 00:00:19 ; elapsed = 00:00:23 . Memory (MB): peak = 1369.930 ; gain = 836.914
---------------------------------------------------------------------------------
---------------------------------------------------------------------------------
Start ROM, RAM, DSP, Shift Register and Retiming Reporting
---------------------------------------------------------------------------------

Distributed RAM: Final Mapping Report
+-------------+------------------------------+-----------+----------------------+---------------+
|Module Name  | RTL Object                   | Inference | Size (Depth x Width) | Primitives    | 
+-------------+------------------------------+-----------+----------------------+---------------+
|systolic_top | bram_bank_b[1].mem_b/ram_reg | Implied   | 16 x 8               | RAM16X1S x 8  | 
|systolic_top | bram_bank_a[1].mem_a/ram_reg | Implied   | 16 x 8               | RAM16X1S x 8  | 
|systolic_top | bram_bank_b[0].mem_b/ram_reg | Implied   | 16 x 8               | RAM16X1S x 8  | 
|systolic_top | bram_bank_a[0].mem_a/ram_reg | Implied   | 16 x 8               | RAM16X1S x 8  | 
+-------------+------------------------------+-----------+----------------------+---------------+

---------------------------------------------------------------------------------
Finished ROM, RAM, DSP, Shift Register and Retiming Reporting
---------------------------------------------------------------------------------
---------------------------------------------------------------------------------
Start Technology Mapping
---------------------------------------------------------------------------------
---------------------------------------------------------------------------------
Finished Technology Mapping : Time (s): cpu = 00:00:19 ; elapsed = 00:00:23 . Memory (MB): peak = 1369.930 ; gain = 836.914
---------------------------------------------------------------------------------
---------------------------------------------------------------------------------
Start IO Insertion
---------------------------------------------------------------------------------
---------------------------------------------------------------------------------
Start Flattening Before IO Insertion
---------------------------------------------------------------------------------
---------------------------------------------------------------------------------
Finished Flattening Before IO Insertion
---------------------------------------------------------------------------------
---------------------------------------------------------------------------------
Start Final Netlist Cleanup
---------------------------------------------------------------------------------
---------------------------------------------------------------------------------
Finished Final Netlist Cleanup
---------------------------------------------------------------------------------
---------------------------------------------------------------------------------
Finished IO Insertion : Time (s): cpu = 00:00:28 ; elapsed = 00:00:32 . Memory (MB): peak = 1591.348 ; gain = 1058.332
---------------------------------------------------------------------------------
---------------------------------------------------------------------------------
Start Renaming Generated Instances
---------------------------------------------------------------------------------
---------------------------------------------------------------------------------
Finished Renaming Generated Instances : Time (s): cpu = 00:00:28 ; elapsed = 00:00:32 . Memory (MB): peak = 1591.348 ; gain = 1058.332
---------------------------------------------------------------------------------
---------------------------------------------------------------------------------
Start Rebuilding User Hierarchy
---------------------------------------------------------------------------------
---------------------------------------------------------------------------------
Finished Rebuilding User Hierarchy : Time (s): cpu = 00:00:28 ; elapsed = 00:00:32 . Memory (MB): peak = 1591.348 ; gain = 1058.332
---------------------------------------------------------------------------------
---------------------------------------------------------------------------------
Start Renaming Generated Ports
---------------------------------------------------------------------------------
---------------------------------------------------------------------------------
Finished Renaming Generated Ports : Time (s): cpu = 00:00:28 ; elapsed = 00:00:32 . Memory (MB): peak = 1591.348 ; gain = 1058.332
---------------------------------------------------------------------------------
---------------------------------------------------------------------------------
Start Handling Custom Attributes
---------------------------------------------------------------------------------
---------------------------------------------------------------------------------
Finished Handling Custom Attributes : Time (s): cpu = 00:00:28 ; elapsed = 00:00:32 . Memory (MB): peak = 1591.348 ; gain = 1058.332
---------------------------------------------------------------------------------
---------------------------------------------------------------------------------
Start Renaming Generated Nets
---------------------------------------------------------------------------------
---------------------------------------------------------------------------------
Finished Renaming Generated Nets : Time (s): cpu = 00:00:28 ; elapsed = 00:00:32 . Memory (MB): peak = 1591.348 ; gain = 1058.332
---------------------------------------------------------------------------------
---------------------------------------------------------------------------------
Start Writing Synthesis Report
---------------------------------------------------------------------------------

Report BlackBoxes: 
+-+--------------+----------+
| |BlackBox name |Instances |
+-+--------------+----------+
+-+--------------+----------+

Report Cell Usage: 
+------+---------+------+
|      |Cell     |Count |
+------+---------+------+
|1     |BUFG     |     1|
|2     |CARRY4   |    64|
|3     |LUT1     |     1|
|4     |LUT2     |   201|
|5     |LUT3     |   113|
|6     |LUT4     |    93|
|7     |LUT5     |    19|
|8     |LUT6     |   152|
|9     |RAM16X1S |    32|
|10    |FDCE     |   184|
|11    |FDPE     |     1|
|12    |FDRE     |    32|
|13    |IBUF     |    43|
|14    |OBUF     |    34|
+------+---------+------+

Report Instance Areas: 
+------+--------------------------------------+------------------------------+------+
|      |Instance                              |Module                        |Cells |
+------+--------------------------------------+------------------------------+------+
|1     |top                                   |                              |   970|
|2     |  \bram_bank_a[0].mem_a               |matrix_bram                   |    42|
|3     |  \bram_bank_a[1].mem_a               |matrix_bram_0                 |    16|
|4     |  \bram_bank_b[0].mem_b               |matrix_bram_1                 |    69|
|5     |  \bram_bank_b[1].mem_b               |matrix_bram_2                 |    16|
|6     |  central_ctrl                        |gemm_controller               |    22|
|7     |  computing_core                      |systolic_array                |   694|
|8     |    \row_loop[0].col_loop[0].pe_node  |pe                            |   198|
|9     |    \row_loop[0].col_loop[1].pe_node  |pe_3                          |   163|
|10    |    \row_loop[1].col_loop[0].pe_node  |pe_4                          |   136|
|11    |    \row_loop[1].col_loop[1].pe_node  |pe_5                          |   102|
|12    |    \skew_a[1].sb_a                   |skew_buffer__parameterized0   |    34|
|13    |    \skew_b[1].sb_b                   |skew_buffer__parameterized0_6 |    61|
|14    |  output_filter                       |spatial_denoiser              |    33|
+------+--------------------------------------+------------------------------+------+
---------------------------------------------------------------------------------
Finished Writing Synthesis Report : Time (s): cpu = 00:00:28 ; elapsed = 00:00:32 . Memory (MB): peak = 1591.348 ; gain = 1058.332
---------------------------------------------------------------------------------
Synthesis finished with 0 errors, 0 critical warnings and 2 warnings.
Synthesis Optimization Runtime : Time (s): cpu = 00:00:28 ; elapsed = 00:00:32 . Memory (MB): peak = 1591.348 ; gain = 1058.332
Synthesis Optimization Complete : Time (s): cpu = 00:00:28 ; elapsed = 00:00:32 . Memory (MB): peak = 1591.348 ; gain = 1058.332
INFO: [Project 1-571] Translating synthesized netlist
Netlist sorting complete. Time (s): cpu = 00:00:00 ; elapsed = 00:00:00.042 . Memory (MB): peak = 1606.426 ; gain = 0.000
INFO: [Netlist 29-17] Analyzing 96 Unisim elements for replacement
INFO: [Netlist 29-28] Unisim Transformation completed in 0 CPU seconds
INFO: [Project 1-570] Preparing netlist for logic optimization
INFO: [Opt 31-138] Pushed 0 inverter(s) to 0 load pin(s).
Netlist sorting complete. Time (s): cpu = 00:00:00 ; elapsed = 00:00:00.001 . Memory (MB): peak = 1712.555 ; gain = 0.000
INFO: [Project 1-111] Unisim Transformation Summary:
  A total of 32 instances were transformed.
  RAM16X1S => RAM32X1S (RAMS32): 32 instances

Synth Design complete | Checksum: f8ee6eb2
INFO: [Common 17-83] Releasing license: Synthesis
35 Infos, 2 Warnings, 0 Critical Warnings and 0 Errors encountered.
synth_design completed successfully
synth_design: Time (s): cpu = 00:00:32 ; elapsed = 00:00:39 . Memory (MB): peak = 1712.555 ; gain = 1185.918
Write ShapeDB Complete: Time (s): cpu = 00:00:00 ; elapsed = 00:00:00.015 . Memory (MB): peak = 1712.555 ; gain = 0.000
INFO: [Common 17-1381] The checkpoint 'C:/Users/Bhakti Lambate/Systolic/Systolic.runs/synth_1/systolic_top.dcp' has been generated.
INFO: [Vivado 12-24828] Executing command : report_utilization -file systolic_top_utilization_synth.rpt -pb systolic_top_utilization_synth.pb
INFO: [Common 17-206] Exiting Vivado at Thu Oct  8 00:34:53 2026...
