Copyright 1986-2022 Xilinx, Inc. All Rights Reserved. Copyright 2022-2025 Advanced Micro Devices, Inc. All Rights Reserved.
----------------------------------------------------------------------------------------------------------------------------------------------------------
| Tool Version     : Vivado v.2025.2 (win64) Build 6299465 Fri Nov 14 19:35:11 GMT 2025
| Date             : Thu Oct  8 00:35:45 2026
| Host             : LAPTOP-CS6JNLD3 running 64-bit major release  (build 9200)
| Command          : report_power -file systolic_top_power_routed.rpt -pb systolic_top_power_summary_routed.pb -rpx systolic_top_power_routed.rpx
| Design           : systolic_top
| Device           : xc7s6ftgb196-1
| Design State     : routed
| Grade            : commercial
| Process          : typical
| Characterization : Production
----------------------------------------------------------------------------------------------------------------------------------------------------------

Power Report

Table of Contents
-----------------
1. Summary
1.1 On-Chip Components
1.2 Power Supply Summary
1.3 Confidence Level
2. Settings
2.1 Environment
2.2 Clock Constraints
3. Detailed Reports
3.1 By Hierarchy

1. Summary
----------

+--------------------------+--------------+
| Total On-Chip Power (W)  | 10.497       |
| Design Power Budget (W)  | Unspecified* |
| Power Budget Margin (W)  | NA           |
| Dynamic (W)              | 10.467       |
| Device Static (W)        | 0.031        |
| Effective TJA (C/W)      | 3.4          |
| Max Ambient (C)          | 49.5         |
| Junction Temperature (C) | 60.5         |
| Confidence Level         | Low          |
| Setting File             | ---          |
| Simulation Activity File | ---          |
| Design Nets Matched      | NA           |
+--------------------------+--------------+
* Specify Design Power Budget using, set_operating_conditions -design_power_budget <value in Watts>


1.1 On-Chip Components
----------------------

+--------------------------+-----------+----------+-----------+-----------------+
| On-Chip                  | Power (W) | Used     | Available | Utilization (%) |
+--------------------------+-----------+----------+-----------+-----------------+
| Slice Logic              |     3.219 |      917 |       --- |             --- |
|   LUT as Logic           |     2.814 |      423 |      3750 |           11.28 |
|   CARRY4                 |     0.289 |       64 |      2000 |            3.20 |
|   Register               |     0.089 |      217 |      7500 |            2.89 |
|   LUT as Distributed RAM |     0.021 |       32 |      2400 |            1.33 |
|   BUFG                   |     0.006 |        1 |        16 |            6.25 |
|   Others                 |     0.000 |       24 |       --- |             --- |
| Signals                  |     2.534 |      680 |       --- |             --- |
| I/O                      |     4.714 |       77 |       100 |           77.00 |
| Static Power             |     0.031 |          |           |                 |
| Total                    |    10.497 |          |           |                 |
+--------------------------+-----------+----------+-----------+-----------------+


1.2 Power Supply Summary
------------------------

+-----------+-------------+-----------+-------------+------------+-------------+-------------+------------+
| Source    | Voltage (V) | Total (A) | Dynamic (A) | Static (A) | Powerup (A) | Budget (A)  | Margin (A) |
+-----------+-------------+-----------+-------------+------------+-------------+-------------+------------+
| Vccint    |       1.000 |     5.935 |       5.921 |      0.014 |       NA    | Unspecified | NA         |
| Vccaux    |       1.800 |     0.380 |       0.372 |      0.008 |       NA    | Unspecified | NA         |
| Vcco33    |       3.300 |     0.000 |       0.000 |      0.000 |       NA    | Unspecified | NA         |
| Vcco25    |       2.500 |     0.000 |       0.000 |      0.000 |       NA    | Unspecified | NA         |
| Vcco18    |       1.800 |     2.154 |       2.153 |      0.001 |       NA    | Unspecified | NA         |
| Vcco15    |       1.500 |     0.000 |       0.000 |      0.000 |       NA    | Unspecified | NA         |
| Vcco135   |       1.350 |     0.000 |       0.000 |      0.000 |       NA    | Unspecified | NA         |
| Vcco12    |       1.200 |     0.000 |       0.000 |      0.000 |       NA    | Unspecified | NA         |
| Vccaux_io |       1.800 |     0.000 |       0.000 |      0.000 |       NA    | Unspecified | NA         |
| Vccbram   |       1.000 |     0.000 |       0.000 |      0.000 |       NA    | Unspecified | NA         |
| Vccadc    |       1.800 |     0.000 |       0.000 |      0.000 |       NA    | Unspecified | NA         |
+-----------+-------------+-----------+-------------+------------+-------------+-------------+------------+


1.3 Confidence Level
--------------------

+-----------------------------+------------+--------------------------------------------------------+--------------------------------------------------------------------------------------------------------------------+
| User Input Data             | Confidence | Details                                                | Action                                                                                                             |
+-----------------------------+------------+--------------------------------------------------------+--------------------------------------------------------------------------------------------------------------------+
| Design implementation state | High       | Design is routed                                       |                                                                                                                    |
| Clock nodes activity        | Low        | User specified less than 75% of clocks                 | Provide missing clock activity with a constraint file, simulation results or by editing the "By Clock Domain" view |
| I/O nodes activity          | Low        | More than 75% of inputs are missing user specification | Provide missing input activity with simulation results or by editing the "By Resource Type -> I/Os" view           |
| Internal nodes activity     | Medium     | User specified less than 25% of internal nodes         | Provide missing internal nodes activity with simulation results or by editing the "By Resource Type" views         |
| Device models               | High       | Device models are Production                           |                                                                                                                    |
|                             |            |                                                        |                                                                                                                    |
| Overall confidence level    | Low        |                                                        |                                                                                                                    |
+-----------------------------+------------+--------------------------------------------------------+--------------------------------------------------------------------------------------------------------------------+


2. Settings
-----------

2.1 Environment
---------------

+-----------------------+--------------------------+
| Ambient Temp (C)      | 25.0                     |
| ThetaJA (C/W)         | 3.4                      |
| Airflow (LFM)         | 250                      |
| Heat Sink             | medium (Medium Profile)  |
| ThetaSA (C/W)         | 15.4                     |
| Board Selection       | medium (10"x10")         |
| # of Board Layers     | 12to15 (12 to 15 Layers) |
| Board Temperature (C) | 25.0                     |
+-----------------------+--------------------------+


2.2 Clock Constraints
---------------------

+-------+--------+-----------------+
| Clock | Domain | Constraint (ns) |
+-------+--------+-----------------+


3. Detailed Reports
-------------------

3.1 By Hierarchy
----------------

+-------------------------------------+-----------+
| Name                                | Power (W) |
+-------------------------------------+-----------+
| systolic_top                        |    10.467 |
|   bram_bank_a[0].mem_a              |     0.167 |
|   bram_bank_a[1].mem_a              |     0.019 |
|   bram_bank_b[0].mem_b              |     0.470 |
|   bram_bank_b[1].mem_b              |     0.021 |
|   central_ctrl                      |     0.242 |
|   computing_core                    |     4.525 |
|     row_loop[0].col_loop[0].pe_node |     1.299 |
|     row_loop[0].col_loop[1].pe_node |     1.134 |
|     row_loop[1].col_loop[0].pe_node |     0.799 |
|     row_loop[1].col_loop[1].pe_node |     0.675 |
|     skew_a[1].sb_a                  |     0.156 |
|     skew_b[1].sb_b                  |     0.461 |
|   output_filter                     |     0.064 |
+-------------------------------------+-----------+


