Copyright 1986-2022 Xilinx, Inc. All Rights Reserved. Copyright 2022-2025 Advanced Micro Devices, Inc. All Rights Reserved.
------------------------------------------------------------------------------------------------------------------------------------------------------------------------------------------------------------------------------------------------
| Tool Version : Vivado v.2025.2 (win64) Build 6299465 Fri Nov 14 19:35:11 GMT 2025
| Date         : Thu Oct  8 00:35:45 2026
| Host         : LAPTOP-CS6JNLD3 running 64-bit major release  (build 9200)
| Command      : report_timing_summary -max_paths 10 -routable_nets -report_unconstrained -file systolic_top_timing_summary_routed.rpt -pb systolic_top_timing_summary_routed.pb -rpx systolic_top_timing_summary_routed.rpx -warn_on_violation
| Design       : systolic_top
| Device       : 7s6-ftgb196
| Speed File   : -1  PRODUCTION 1.23 2018-06-13
| Design State : Routed
------------------------------------------------------------------------------------------------------------------------------------------------------------------------------------------------------------------------------------------------

Timing Summary Report

------------------------------------------------------------------------------------------------
| Timer Settings
| --------------
------------------------------------------------------------------------------------------------

  Enable Multi Corner Analysis               :  Yes
  Enable Pessimism Removal                   :  Yes
  Pessimism Removal Resolution               :  Nearest Common Node
  Enable Input Delay Default Clock           :  No
  Enable Preset / Clear Arcs                 :  No
  Disable Flight Delays                      :  No
  Ignore I/O Paths                           :  No
  Timing Early Launch at Borrowing Latches   :  No
  Borrow Time for Max Delay Exceptions       :  Yes
  Merge Timing Exceptions                    :  Yes
  Inter-SLR Compensation                     :  Conservative

  Corner  Analyze    Analyze    
  Name    Max Paths  Min Paths  
  ------  ---------  ---------  
  Slow    Yes        Yes        
  Fast    Yes        Yes        


------------------------------------------------------------------------------------------------
| Report Methodology
| ------------------
------------------------------------------------------------------------------------------------

Rule       Severity          Description                  Violations  
---------  ----------------  ---------------------------  ----------  
TIMING-17  Critical Warning  Non-clocked sequential cell  249         

Note: This report is based on the most recent report_methodology run and may not be up-to-date. Run report_methodology on the current design for the latest report.



check_timing report

Table of Contents
-----------------
1. checking no_clock (249)
2. checking constant_clock (0)
3. checking pulse_width_clock (0)
4. checking unconstrained_internal_endpoints (598)
5. checking no_input_delay (42)
6. checking no_output_delay (34)
7. checking multiple_clock (0)
8. checking generated_clocks (0)
9. checking loops (0)
10. checking partial_input_delay (0)
11. checking partial_output_delay (0)
12. checking latch_loops (0)

1. checking no_clock (249)
--------------------------
 There are 249 register/latch pins with no clock driven by root clock pin: clk (HIGH)


2. checking constant_clock (0)
------------------------------
 There are 0 register/latch pins with constant_clock.


3. checking pulse_width_clock (0)
---------------------------------
 There are 0 register/latch pins which need pulse_width check


4. checking unconstrained_internal_endpoints (598)
--------------------------------------------------
 There are 598 pins that are not constrained for maximum delay. (HIGH)

 There are 0 pins that are not constrained for maximum delay due to constant clock.


5. checking no_input_delay (42)
-------------------------------
 There are 42 input ports with no input delay specified. (HIGH)

 There are 0 input ports with no input delay but user has a false path constraint.


6. checking no_output_delay (34)
--------------------------------
 There are 34 ports with no output delay specified. (HIGH)

 There are 0 ports with no output delay but user has a false path constraint

 There are 0 ports with no output delay but with a timing clock defined on it or propagating through it


7. checking multiple_clock (0)
------------------------------
 There are 0 register/latch pins with multiple clocks.


8. checking generated_clocks (0)
--------------------------------
 There are 0 generated clocks that are not connected to a clock source.


9. checking loops (0)
---------------------
 There are 0 combinational loops in the design.


10. checking partial_input_delay (0)
------------------------------------
 There are 0 input ports with partial input delay specified.


11. checking partial_output_delay (0)
-------------------------------------
 There are 0 ports with partial output delay specified.


12. checking latch_loops (0)
----------------------------
 There are 0 combinational latch loops in the design through latch input



------------------------------------------------------------------------------------------------
| Design Timing Summary
| ---------------------
------------------------------------------------------------------------------------------------

    WNS(ns)      TNS(ns)  TNS Failing Endpoints  TNS Total Endpoints      WHS(ns)      THS(ns)  THS Failing Endpoints  THS Total Endpoints     WPWS(ns)     TPWS(ns)  TPWS Failing Endpoints  TPWS Total Endpoints  
    -------      -------  ---------------------  -------------------      -------      -------  ---------------------  -------------------     --------     --------  ----------------------  --------------------  
        inf        0.000                      0                  632          inf        0.000                      0                  632           NA           NA                      NA                    NA  


There are no user specified timing constraints.


------------------------------------------------------------------------------------------------
| Clock Summary
| -------------
------------------------------------------------------------------------------------------------


------------------------------------------------------------------------------------------------
| Intra Clock Table
| -----------------
------------------------------------------------------------------------------------------------

Clock             WNS(ns)      TNS(ns)  TNS Failing Endpoints  TNS Total Endpoints      WHS(ns)      THS(ns)  THS Failing Endpoints  THS Total Endpoints     WPWS(ns)     TPWS(ns)  TPWS Failing Endpoints  TPWS Total Endpoints  
-----             -------      -------  ---------------------  -------------------      -------      -------  ---------------------  -------------------     --------     --------  ----------------------  --------------------  


------------------------------------------------------------------------------------------------
| Inter Clock Table
| -----------------
------------------------------------------------------------------------------------------------

From Clock    To Clock          WNS(ns)      TNS(ns)  TNS Failing Endpoints  TNS Total Endpoints      WHS(ns)      THS(ns)  THS Failing Endpoints  THS Total Endpoints  
----------    --------          -------      -------  ---------------------  -------------------      -------      -------  ---------------------  -------------------  


------------------------------------------------------------------------------------------------
| Other Path Groups Table
| -----------------------
------------------------------------------------------------------------------------------------

Path Group    From Clock    To Clock          WNS(ns)      TNS(ns)  TNS Failing Endpoints  TNS Total Endpoints      WHS(ns)      THS(ns)  THS Failing Endpoints  THS Total Endpoints  
----------    ----------    --------          -------      -------  ---------------------  -------------------      -------      -------  ---------------------  -------------------  


------------------------------------------------------------------------------------------------
| User Ignored Path Table
| -----------------------
------------------------------------------------------------------------------------------------

Path Group    From Clock    To Clock    
----------    ----------    --------    


------------------------------------------------------------------------------------------------
| Unconstrained Path Table
| ------------------------
------------------------------------------------------------------------------------------------

Path Group    From Clock    To Clock    
----------    ----------    --------    
(none)                                    


------------------------------------------------------------------------------------------------
| Timing Details
| --------------
------------------------------------------------------------------------------------------------


--------------------------------------------------------------------------------------
Path Group:  (none)
From Clock:  
  To Clock:  

Max Delay           632 Endpoints
Min Delay           632 Endpoints
--------------------------------------------------------------------------------------


Max Delay Paths
--------------------------------------------------------------------------------------
Slack:                    inf
  Source:                 computing_core/row_loop[1].col_loop[0].pe_node/out_a_reg[5]/C
                            (rising edge-triggered cell FDCE)
  Destination:            computing_core/row_loop[1].col_loop[1].pe_node/acc_reg_reg[21]/D
  Path Group:             (none)
  Path Type:              Max at Slow Process Corner
  Data Path Delay:        10.485ns  (logic 3.993ns (38.083%)  route 6.492ns (61.917%))
  Logic Levels:           13  (CARRY4=7 FDCE=1 LUT3=1 LUT4=1 LUT6=3)

    Location             Delay type                Incr(ns)  Path(ns)    Netlist Resource(s)
  -------------------------------------------------------------------    -------------------
    SLICE_X7Y20          FDCE                         0.000     0.000 r  computing_core/row_loop[1].col_loop[0].pe_node/out_a_reg[5]/C
    SLICE_X7Y20          FDCE (Prop_fdce_C_Q)         0.456     0.456 r  computing_core/row_loop[1].col_loop[0].pe_node/out_a_reg[5]/Q
                         net (fo=20, routed)          1.741     2.197    computing_core/row_loop[0].col_loop[1].pe_node/acc_reg1__60_carry__1_0[5]
    SLICE_X2Y25          LUT6 (Prop_lut6_I3_O)        0.124     2.321 r  computing_core/row_loop[0].col_loop[1].pe_node/acc_reg1__0_carry__0_i_1/O
                         net (fo=2, routed)           1.157     3.477    computing_core/row_loop[0].col_loop[1].pe_node/out_b_reg[2]_0[3]
    SLICE_X3Y25          LUT6 (Prop_lut6_I0_O)        0.124     3.601 r  computing_core/row_loop[0].col_loop[1].pe_node/acc_reg1__0_carry__0_i_5/O
                         net (fo=1, routed)           0.000     3.601    computing_core/row_loop[1].col_loop[1].pe_node/acc_reg1__60_carry_1[3]
    SLICE_X3Y25          CARRY4 (Prop_carry4_S[3]_CO[3])
                                                      0.401     4.002 r  computing_core/row_loop[1].col_loop[1].pe_node/acc_reg1__0_carry__0/CO[3]
                         net (fo=1, routed)           0.000     4.002    computing_core/row_loop[1].col_loop[1].pe_node/acc_reg1__0_carry__0_n_0
    SLICE_X3Y26          CARRY4 (Prop_carry4_CI_O[0])
                                                      0.222     4.224 r  computing_core/row_loop[1].col_loop[1].pe_node/acc_reg1__0_carry__1/O[0]
                         net (fo=2, routed)           0.959     5.183    computing_core/row_loop[0].col_loop[1].pe_node/acc_reg1__60_carry__0_i_6_0[0]
    SLICE_X5Y23          LUT4 (Prop_lut4_I3_O)        0.325     5.508 f  computing_core/row_loop[0].col_loop[1].pe_node/acc_reg1__60_carry__0_i_11/O
                         net (fo=4, routed)           1.036     6.545    computing_core/row_loop[0].col_loop[1].pe_node/out_b_reg[7]_0
    SLICE_X5Y22          LUT6 (Prop_lut6_I2_O)        0.326     6.871 r  computing_core/row_loop[0].col_loop[1].pe_node/acc_reg1__60_carry__0_i_2/O
                         net (fo=1, routed)           0.544     7.414    computing_core/row_loop[1].col_loop[1].pe_node/acc_reg[4]_i_6_0[1]
    SLICE_X4Y23          CARRY4 (Prop_carry4_DI[2]_CO[3])
                                                      0.398     7.812 r  computing_core/row_loop[1].col_loop[1].pe_node/acc_reg1__60_carry__0/CO[3]
                         net (fo=1, routed)           0.000     7.812    computing_core/row_loop[1].col_loop[1].pe_node/acc_reg1__60_carry__0_n_0
    SLICE_X4Y24          CARRY4 (Prop_carry4_CI_O[1])
                                                      0.334     8.146 r  computing_core/row_loop[1].col_loop[1].pe_node/acc_reg1__60_carry__1/O[1]
                         net (fo=2, routed)           1.056     9.202    computing_core/row_loop[1].col_loop[1].pe_node/acc_reg1[12]
    SLICE_X0Y27          LUT3 (Prop_lut3_I0_O)        0.303     9.505 r  computing_core/row_loop[1].col_loop[1].pe_node/acc_reg[12]_i_9/O
                         net (fo=1, routed)           0.000     9.505    computing_core/row_loop[1].col_loop[1].pe_node/acc_reg[12]_i_9_n_0
    SLICE_X0Y27          CARRY4 (Prop_carry4_S[0]_CO[3])
                                                      0.532    10.037 r  computing_core/row_loop[1].col_loop[1].pe_node/acc_reg_reg[12]_i_1/CO[3]
                         net (fo=1, routed)           0.000    10.037    computing_core/row_loop[1].col_loop[1].pe_node/acc_reg_reg[12]_i_1_n_0
    SLICE_X0Y28          CARRY4 (Prop_carry4_CI_CO[3])
                                                      0.114    10.151 r  computing_core/row_loop[1].col_loop[1].pe_node/acc_reg_reg[16]_i_1/CO[3]
                         net (fo=1, routed)           0.000    10.151    computing_core/row_loop[1].col_loop[1].pe_node/acc_reg_reg[16]_i_1_n_0
    SLICE_X0Y29          CARRY4 (Prop_carry4_CI_O[1])
                                                      0.334    10.485 r  computing_core/row_loop[1].col_loop[1].pe_node/acc_reg_reg[20]_i_1/O[1]
                         net (fo=1, routed)           0.000    10.485    computing_core/row_loop[1].col_loop[1].pe_node/acc_reg_reg[20]_i_1_n_6
    SLICE_X0Y29          FDCE                                         r  computing_core/row_loop[1].col_loop[1].pe_node/acc_reg_reg[21]/D
  -------------------------------------------------------------------    -------------------

Slack:                    inf
  Source:                 computing_core/row_loop[1].col_loop[0].pe_node/out_a_reg[5]/C
                            (rising edge-triggered cell FDCE)
  Destination:            computing_core/row_loop[1].col_loop[1].pe_node/acc_reg_reg[23]/D
  Path Group:             (none)
  Path Type:              Max at Slow Process Corner
  Data Path Delay:        10.464ns  (logic 3.972ns (37.959%)  route 6.492ns (62.041%))
  Logic Levels:           13  (CARRY4=7 FDCE=1 LUT3=1 LUT4=1 LUT6=3)

    Location             Delay type                Incr(ns)  Path(ns)    Netlist Resource(s)
  -------------------------------------------------------------------    -------------------
    SLICE_X7Y20          FDCE                         0.000     0.000 r  computing_core/row_loop[1].col_loop[0].pe_node/out_a_reg[5]/C
    SLICE_X7Y20          FDCE (Prop_fdce_C_Q)         0.456     0.456 r  computing_core/row_loop[1].col_loop[0].pe_node/out_a_reg[5]/Q
                         net (fo=20, routed)          1.741     2.197    computing_core/row_loop[0].col_loop[1].pe_node/acc_reg1__60_carry__1_0[5]
    SLICE_X2Y25          LUT6 (Prop_lut6_I3_O)        0.124     2.321 r  computing_core/row_loop[0].col_loop[1].pe_node/acc_reg1__0_carry__0_i_1/O
                         net (fo=2, routed)           1.157     3.477    computing_core/row_loop[0].col_loop[1].pe_node/out_b_reg[2]_0[3]
    SLICE_X3Y25          LUT6 (Prop_lut6_I0_O)        0.124     3.601 r  computing_core/row_loop[0].col_loop[1].pe_node/acc_reg1__0_carry__0_i_5/O
                         net (fo=1, routed)           0.000     3.601    computing_core/row_loop[1].col_loop[1].pe_node/acc_reg1__60_carry_1[3]
    SLICE_X3Y25          CARRY4 (Prop_carry4_S[3]_CO[3])
                                                      0.401     4.002 r  computing_core/row_loop[1].col_loop[1].pe_node/acc_reg1__0_carry__0/CO[3]
                         net (fo=1, routed)           0.000     4.002    computing_core/row_loop[1].col_loop[1].pe_node/acc_reg1__0_carry__0_n_0
    SLICE_X3Y26          CARRY4 (Prop_carry4_CI_O[0])
                                                      0.222     4.224 r  computing_core/row_loop[1].col_loop[1].pe_node/acc_reg1__0_carry__1/O[0]
                         net (fo=2, routed)           0.959     5.183    computing_core/row_loop[0].col_loop[1].pe_node/acc_reg1__60_carry__0_i_6_0[0]
    SLICE_X5Y23          LUT4 (Prop_lut4_I3_O)        0.325     5.508 f  computing_core/row_loop[0].col_loop[1].pe_node/acc_reg1__60_carry__0_i_11/O
                         net (fo=4, routed)           1.036     6.545    computing_core/row_loop[0].col_loop[1].pe_node/out_b_reg[7]_0
    SLICE_X5Y22          LUT6 (Prop_lut6_I2_O)        0.326     6.871 r  computing_core/row_loop[0].col_loop[1].pe_node/acc_reg1__60_carry__0_i_2/O
                         net (fo=1, routed)           0.544     7.414    computing_core/row_loop[1].col_loop[1].pe_node/acc_reg[4]_i_6_0[1]
    SLICE_X4Y23          CARRY4 (Prop_carry4_DI[2]_CO[3])
                                                      0.398     7.812 r  computing_core/row_loop[1].col_loop[1].pe_node/acc_reg1__60_carry__0/CO[3]
                         net (fo=1, routed)           0.000     7.812    computing_core/row_loop[1].col_loop[1].pe_node/acc_reg1__60_carry__0_n_0
    SLICE_X4Y24          CARRY4 (Prop_carry4_CI_O[1])
                                                      0.334     8.146 r  computing_core/row_loop[1].col_loop[1].pe_node/acc_reg1__60_carry__1/O[1]
                         net (fo=2, routed)           1.056     9.202    computing_core/row_loop[1].col_loop[1].pe_node/acc_reg1[12]
    SLICE_X0Y27          LUT3 (Prop_lut3_I0_O)        0.303     9.505 r  computing_core/row_loop[1].col_loop[1].pe_node/acc_reg[12]_i_9/O
                         net (fo=1, routed)           0.000     9.505    computing_core/row_loop[1].col_loop[1].pe_node/acc_reg[12]_i_9_n_0
    SLICE_X0Y27          CARRY4 (Prop_carry4_S[0]_CO[3])
                                                      0.532    10.037 r  computing_core/row_loop[1].col_loop[1].pe_node/acc_reg_reg[12]_i_1/CO[3]
                         net (fo=1, routed)           0.000    10.037    computing_core/row_loop[1].col_loop[1].pe_node/acc_reg_reg[12]_i_1_n_0
    SLICE_X0Y28          CARRY4 (Prop_carry4_CI_CO[3])
                                                      0.114    10.151 r  computing_core/row_loop[1].col_loop[1].pe_node/acc_reg_reg[16]_i_1/CO[3]
                         net (fo=1, routed)           0.000    10.151    computing_core/row_loop[1].col_loop[1].pe_node/acc_reg_reg[16]_i_1_n_0
    SLICE_X0Y29          CARRY4 (Prop_carry4_CI_O[3])
                                                      0.313    10.464 r  computing_core/row_loop[1].col_loop[1].pe_node/acc_reg_reg[20]_i_1/O[3]
                         net (fo=1, routed)           0.000    10.464    computing_core/row_loop[1].col_loop[1].pe_node/acc_reg_reg[20]_i_1_n_4
    SLICE_X0Y29          FDCE                                         r  computing_core/row_loop[1].col_loop[1].pe_node/acc_reg_reg[23]/D
  -------------------------------------------------------------------    -------------------

Slack:                    inf
  Source:                 computing_core/row_loop[1].col_loop[0].pe_node/out_a_reg[5]/C
                            (rising edge-triggered cell FDCE)
  Destination:            computing_core/row_loop[1].col_loop[1].pe_node/acc_reg_reg[22]/D
  Path Group:             (none)
  Path Type:              Max at Slow Process Corner
  Data Path Delay:        10.390ns  (logic 3.898ns (37.517%)  route 6.492ns (62.483%))
  Logic Levels:           13  (CARRY4=7 FDCE=1 LUT3=1 LUT4=1 LUT6=3)

    Location             Delay type                Incr(ns)  Path(ns)    Netlist Resource(s)
  -------------------------------------------------------------------    -------------------
    SLICE_X7Y20          FDCE                         0.000     0.000 r  computing_core/row_loop[1].col_loop[0].pe_node/out_a_reg[5]/C
    SLICE_X7Y20          FDCE (Prop_fdce_C_Q)         0.456     0.456 r  computing_core/row_loop[1].col_loop[0].pe_node/out_a_reg[5]/Q
                         net (fo=20, routed)          1.741     2.197    computing_core/row_loop[0].col_loop[1].pe_node/acc_reg1__60_carry__1_0[5]
    SLICE_X2Y25          LUT6 (Prop_lut6_I3_O)        0.124     2.321 r  computing_core/row_loop[0].col_loop[1].pe_node/acc_reg1__0_carry__0_i_1/O
                         net (fo=2, routed)           1.157     3.477    computing_core/row_loop[0].col_loop[1].pe_node/out_b_reg[2]_0[3]
    SLICE_X3Y25          LUT6 (Prop_lut6_I0_O)        0.124     3.601 r  computing_core/row_loop[0].col_loop[1].pe_node/acc_reg1__0_carry__0_i_5/O
                         net (fo=1, routed)           0.000     3.601    computing_core/row_loop[1].col_loop[1].pe_node/acc_reg1__60_carry_1[3]
    SLICE_X3Y25          CARRY4 (Prop_carry4_S[3]_CO[3])
                                                      0.401     4.002 r  computing_core/row_loop[1].col_loop[1].pe_node/acc_reg1__0_carry__0/CO[3]
                         net (fo=1, routed)           0.000     4.002    computing_core/row_loop[1].col_loop[1].pe_node/acc_reg1__0_carry__0_n_0
    SLICE_X3Y26          CARRY4 (Prop_carry4_CI_O[0])
                                                      0.222     4.224 r  computing_core/row_loop[1].col_loop[1].pe_node/acc_reg1__0_carry__1/O[0]
                         net (fo=2, routed)           0.959     5.183    computing_core/row_loop[0].col_loop[1].pe_node/acc_reg1__60_carry__0_i_6_0[0]
    SLICE_X5Y23          LUT4 (Prop_lut4_I3_O)        0.325     5.508 f  computing_core/row_loop[0].col_loop[1].pe_node/acc_reg1__60_carry__0_i_11/O
                         net (fo=4, routed)           1.036     6.545    computing_core/row_loop[0].col_loop[1].pe_node/out_b_reg[7]_0
    SLICE_X5Y22          LUT6 (Prop_lut6_I2_O)        0.326     6.871 r  computing_core/row_loop[0].col_loop[1].pe_node/acc_reg1__60_carry__0_i_2/O
                         net (fo=1, routed)           0.544     7.414    computing_core/row_loop[1].col_loop[1].pe_node/acc_reg[4]_i_6_0[1]
    SLICE_X4Y23          CARRY4 (Prop_carry4_DI[2]_CO[3])
                                                      0.398     7.812 r  computing_core/row_loop[1].col_loop[1].pe_node/acc_reg1__60_carry__0/CO[3]
                         net (fo=1, routed)           0.000     7.812    computing_core/row_loop[1].col_loop[1].pe_node/acc_reg1__60_carry__0_n_0
    SLICE_X4Y24          CARRY4 (Prop_carry4_CI_O[1])
                                                      0.334     8.146 r  computing_core/row_loop[1].col_loop[1].pe_node/acc_reg1__60_carry__1/O[1]
                         net (fo=2, routed)           1.056     9.202    computing_core/row_loop[1].col_loop[1].pe_node/acc_reg1[12]
    SLICE_X0Y27          LUT3 (Prop_lut3_I0_O)        0.303     9.505 r  computing_core/row_loop[1].col_loop[1].pe_node/acc_reg[12]_i_9/O
                         net (fo=1, routed)           0.000     9.505    computing_core/row_loop[1].col_loop[1].pe_node/acc_reg[12]_i_9_n_0
    SLICE_X0Y27          CARRY4 (Prop_carry4_S[0]_CO[3])
                                                      0.532    10.037 r  computing_core/row_loop[1].col_loop[1].pe_node/acc_reg_reg[12]_i_1/CO[3]
                         net (fo=1, routed)           0.000    10.037    computing_core/row_loop[1].col_loop[1].pe_node/acc_reg_reg[12]_i_1_n_0
    SLICE_X0Y28          CARRY4 (Prop_carry4_CI_CO[3])
                                                      0.114    10.151 r  computing_core/row_loop[1].col_loop[1].pe_node/acc_reg_reg[16]_i_1/CO[3]
                         net (fo=1, routed)           0.000    10.151    computing_core/row_loop[1].col_loop[1].pe_node/acc_reg_reg[16]_i_1_n_0
    SLICE_X0Y29          CARRY4 (Prop_carry4_CI_O[2])
                                                      0.239    10.390 r  computing_core/row_loop[1].col_loop[1].pe_node/acc_reg_reg[20]_i_1/O[2]
                         net (fo=1, routed)           0.000    10.390    computing_core/row_loop[1].col_loop[1].pe_node/acc_reg_reg[20]_i_1_n_5
    SLICE_X0Y29          FDCE                                         r  computing_core/row_loop[1].col_loop[1].pe_node/acc_reg_reg[22]/D
  -------------------------------------------------------------------    -------------------

Slack:                    inf
  Source:                 computing_core/row_loop[1].col_loop[0].pe_node/out_a_reg[5]/C
                            (rising edge-triggered cell FDCE)
  Destination:            computing_core/row_loop[1].col_loop[1].pe_node/acc_reg_reg[20]/D
  Path Group:             (none)
  Path Type:              Max at Slow Process Corner
  Data Path Delay:        10.374ns  (logic 3.882ns (37.421%)  route 6.492ns (62.579%))
  Logic Levels:           13  (CARRY4=7 FDCE=1 LUT3=1 LUT4=1 LUT6=3)

    Location             Delay type                Incr(ns)  Path(ns)    Netlist Resource(s)
  -------------------------------------------------------------------    -------------------
    SLICE_X7Y20          FDCE                         0.000     0.000 r  computing_core/row_loop[1].col_loop[0].pe_node/out_a_reg[5]/C
    SLICE_X7Y20          FDCE (Prop_fdce_C_Q)         0.456     0.456 r  computing_core/row_loop[1].col_loop[0].pe_node/out_a_reg[5]/Q
                         net (fo=20, routed)          1.741     2.197    computing_core/row_loop[0].col_loop[1].pe_node/acc_reg1__60_carry__1_0[5]
    SLICE_X2Y25          LUT6 (Prop_lut6_I3_O)        0.124     2.321 r  computing_core/row_loop[0].col_loop[1].pe_node/acc_reg1__0_carry__0_i_1/O
                         net (fo=2, routed)           1.157     3.477    computing_core/row_loop[0].col_loop[1].pe_node/out_b_reg[2]_0[3]
    SLICE_X3Y25          LUT6 (Prop_lut6_I0_O)        0.124     3.601 r  computing_core/row_loop[0].col_loop[1].pe_node/acc_reg1__0_carry__0_i_5/O
                         net (fo=1, routed)           0.000     3.601    computing_core/row_loop[1].col_loop[1].pe_node/acc_reg1__60_carry_1[3]
    SLICE_X3Y25          CARRY4 (Prop_carry4_S[3]_CO[3])
                                                      0.401     4.002 r  computing_core/row_loop[1].col_loop[1].pe_node/acc_reg1__0_carry__0/CO[3]
                         net (fo=1, routed)           0.000     4.002    computing_core/row_loop[1].col_loop[1].pe_node/acc_reg1__0_carry__0_n_0
    SLICE_X3Y26          CARRY4 (Prop_carry4_CI_O[0])
                                                      0.222     4.224 r  computing_core/row_loop[1].col_loop[1].pe_node/acc_reg1__0_carry__1/O[0]
                         net (fo=2, routed)           0.959     5.183    computing_core/row_loop[0].col_loop[1].pe_node/acc_reg1__60_carry__0_i_6_0[0]
    SLICE_X5Y23          LUT4 (Prop_lut4_I3_O)        0.325     5.508 f  computing_core/row_loop[0].col_loop[1].pe_node/acc_reg1__60_carry__0_i_11/O
                         net (fo=4, routed)           1.036     6.545    computing_core/row_loop[0].col_loop[1].pe_node/out_b_reg[7]_0
    SLICE_X5Y22          LUT6 (Prop_lut6_I2_O)        0.326     6.871 r  computing_core/row_loop[0].col_loop[1].pe_node/acc_reg1__60_carry__0_i_2/O
                         net (fo=1, routed)           0.544     7.414    computing_core/row_loop[1].col_loop[1].pe_node/acc_reg[4]_i_6_0[1]
    SLICE_X4Y23          CARRY4 (Prop_carry4_DI[2]_CO[3])
                                                      0.398     7.812 r  computing_core/row_loop[1].col_loop[1].pe_node/acc_reg1__60_carry__0/CO[3]
                         net (fo=1, routed)           0.000     7.812    computing_core/row_loop[1].col_loop[1].pe_node/acc_reg1__60_carry__0_n_0
    SLICE_X4Y24          CARRY4 (Prop_carry4_CI_O[1])
                                                      0.334     8.146 r  computing_core/row_loop[1].col_loop[1].pe_node/acc_reg1__60_carry__1/O[1]
                         net (fo=2, routed)           1.056     9.202    computing_core/row_loop[1].col_loop[1].pe_node/acc_reg1[12]
    SLICE_X0Y27          LUT3 (Prop_lut3_I0_O)        0.303     9.505 r  computing_core/row_loop[1].col_loop[1].pe_node/acc_reg[12]_i_9/O
                         net (fo=1, routed)           0.000     9.505    computing_core/row_loop[1].col_loop[1].pe_node/acc_reg[12]_i_9_n_0
    SLICE_X0Y27          CARRY4 (Prop_carry4_S[0]_CO[3])
                                                      0.532    10.037 r  computing_core/row_loop[1].col_loop[1].pe_node/acc_reg_reg[12]_i_1/CO[3]
                         net (fo=1, routed)           0.000    10.037    computing_core/row_loop[1].col_loop[1].pe_node/acc_reg_reg[12]_i_1_n_0
    SLICE_X0Y28          CARRY4 (Prop_carry4_CI_CO[3])
                                                      0.114    10.151 r  computing_core/row_loop[1].col_loop[1].pe_node/acc_reg_reg[16]_i_1/CO[3]
                         net (fo=1, routed)           0.000    10.151    computing_core/row_loop[1].col_loop[1].pe_node/acc_reg_reg[16]_i_1_n_0
    SLICE_X0Y29          CARRY4 (Prop_carry4_CI_O[0])
                                                      0.223    10.374 r  computing_core/row_loop[1].col_loop[1].pe_node/acc_reg_reg[20]_i_1/O[0]
                         net (fo=1, routed)           0.000    10.374    computing_core/row_loop[1].col_loop[1].pe_node/acc_reg_reg[20]_i_1_n_7
    SLICE_X0Y29          FDCE                                         r  computing_core/row_loop[1].col_loop[1].pe_node/acc_reg_reg[20]/D
  -------------------------------------------------------------------    -------------------

Slack:                    inf
  Source:                 computing_core/row_loop[1].col_loop[0].pe_node/out_a_reg[5]/C
                            (rising edge-triggered cell FDCE)
  Destination:            computing_core/row_loop[1].col_loop[1].pe_node/acc_reg_reg[17]/D
  Path Group:             (none)
  Path Type:              Max at Slow Process Corner
  Data Path Delay:        10.371ns  (logic 3.879ns (37.403%)  route 6.492ns (62.597%))
  Logic Levels:           12  (CARRY4=6 FDCE=1 LUT3=1 LUT4=1 LUT6=3)

    Location             Delay type                Incr(ns)  Path(ns)    Netlist Resource(s)
  -------------------------------------------------------------------    -------------------
    SLICE_X7Y20          FDCE                         0.000     0.000 r  computing_core/row_loop[1].col_loop[0].pe_node/out_a_reg[5]/C
    SLICE_X7Y20          FDCE (Prop_fdce_C_Q)         0.456     0.456 r  computing_core/row_loop[1].col_loop[0].pe_node/out_a_reg[5]/Q
                         net (fo=20, routed)          1.741     2.197    computing_core/row_loop[0].col_loop[1].pe_node/acc_reg1__60_carry__1_0[5]
    SLICE_X2Y25          LUT6 (Prop_lut6_I3_O)        0.124     2.321 r  computing_core/row_loop[0].col_loop[1].pe_node/acc_reg1__0_carry__0_i_1/O
                         net (fo=2, routed)           1.157     3.477    computing_core/row_loop[0].col_loop[1].pe_node/out_b_reg[2]_0[3]
    SLICE_X3Y25          LUT6 (Prop_lut6_I0_O)        0.124     3.601 r  computing_core/row_loop[0].col_loop[1].pe_node/acc_reg1__0_carry__0_i_5/O
                         net (fo=1, routed)           0.000     3.601    computing_core/row_loop[1].col_loop[1].pe_node/acc_reg1__60_carry_1[3]
    SLICE_X3Y25          CARRY4 (Prop_carry4_S[3]_CO[3])
                                                      0.401     4.002 r  computing_core/row_loop[1].col_loop[1].pe_node/acc_reg1__0_carry__0/CO[3]
                         net (fo=1, routed)           0.000     4.002    computing_core/row_loop[1].col_loop[1].pe_node/acc_reg1__0_carry__0_n_0
    SLICE_X3Y26          CARRY4 (Prop_carry4_CI_O[0])
                                                      0.222     4.224 r  computing_core/row_loop[1].col_loop[1].pe_node/acc_reg1__0_carry__1/O[0]
                         net (fo=2, routed)           0.959     5.183    computing_core/row_loop[0].col_loop[1].pe_node/acc_reg1__60_carry__0_i_6_0[0]
    SLICE_X5Y23          LUT4 (Prop_lut4_I3_O)        0.325     5.508 f  computing_core/row_loop[0].col_loop[1].pe_node/acc_reg1__60_carry__0_i_11/O
                         net (fo=4, routed)           1.036     6.545    computing_core/row_loop[0].col_loop[1].pe_node/out_b_reg[7]_0
    SLICE_X5Y22          LUT6 (Prop_lut6_I2_O)        0.326     6.871 r  computing_core/row_loop[0].col_loop[1].pe_node/acc_reg1__60_carry__0_i_2/O
                         net (fo=1, routed)           0.544     7.414    computing_core/row_loop[1].col_loop[1].pe_node/acc_reg[4]_i_6_0[1]
    SLICE_X4Y23          CARRY4 (Prop_carry4_DI[2]_CO[3])
                                                      0.398     7.812 r  computing_core/row_loop[1].col_loop[1].pe_node/acc_reg1__60_carry__0/CO[3]
                         net (fo=1, routed)           0.000     7.812    computing_core/row_loop[1].col_loop[1].pe_node/acc_reg1__60_carry__0_n_0
    SLICE_X4Y24          CARRY4 (Prop_carry4_CI_O[1])
                                                      0.334     8.146 r  computing_core/row_loop[1].col_loop[1].pe_node/acc_reg1__60_carry__1/O[1]
                         net (fo=2, routed)           1.056     9.202    computing_core/row_loop[1].col_loop[1].pe_node/acc_reg1[12]
    SLICE_X0Y27          LUT3 (Prop_lut3_I0_O)        0.303     9.505 r  computing_core/row_loop[1].col_loop[1].pe_node/acc_reg[12]_i_9/O
                         net (fo=1, routed)           0.000     9.505    computing_core/row_loop[1].col_loop[1].pe_node/acc_reg[12]_i_9_n_0
    SLICE_X0Y27          CARRY4 (Prop_carry4_S[0]_CO[3])
                                                      0.532    10.037 r  computing_core/row_loop[1].col_loop[1].pe_node/acc_reg_reg[12]_i_1/CO[3]
                         net (fo=1, routed)           0.000    10.037    computing_core/row_loop[1].col_loop[1].pe_node/acc_reg_reg[12]_i_1_n_0
    SLICE_X0Y28          CARRY4 (Prop_carry4_CI_O[1])
                                                      0.334    10.371 r  computing_core/row_loop[1].col_loop[1].pe_node/acc_reg_reg[16]_i_1/O[1]
                         net (fo=1, routed)           0.000    10.371    computing_core/row_loop[1].col_loop[1].pe_node/acc_reg_reg[16]_i_1_n_6
    SLICE_X0Y28          FDCE                                         r  computing_core/row_loop[1].col_loop[1].pe_node/acc_reg_reg[17]/D
  -------------------------------------------------------------------    -------------------

Slack:                    inf
  Source:                 computing_core/row_loop[1].col_loop[0].pe_node/out_a_reg[5]/C
                            (rising edge-triggered cell FDCE)
  Destination:            computing_core/row_loop[1].col_loop[1].pe_node/acc_reg_reg[19]/D
  Path Group:             (none)
  Path Type:              Max at Slow Process Corner
  Data Path Delay:        10.350ns  (logic 3.858ns (37.276%)  route 6.492ns (62.724%))
  Logic Levels:           12  (CARRY4=6 FDCE=1 LUT3=1 LUT4=1 LUT6=3)

    Location             Delay type                Incr(ns)  Path(ns)    Netlist Resource(s)
  -------------------------------------------------------------------    -------------------
    SLICE_X7Y20          FDCE                         0.000     0.000 r  computing_core/row_loop[1].col_loop[0].pe_node/out_a_reg[5]/C
    SLICE_X7Y20          FDCE (Prop_fdce_C_Q)         0.456     0.456 r  computing_core/row_loop[1].col_loop[0].pe_node/out_a_reg[5]/Q
                         net (fo=20, routed)          1.741     2.197    computing_core/row_loop[0].col_loop[1].pe_node/acc_reg1__60_carry__1_0[5]
    SLICE_X2Y25          LUT6 (Prop_lut6_I3_O)        0.124     2.321 r  computing_core/row_loop[0].col_loop[1].pe_node/acc_reg1__0_carry__0_i_1/O
                         net (fo=2, routed)           1.157     3.477    computing_core/row_loop[0].col_loop[1].pe_node/out_b_reg[2]_0[3]
    SLICE_X3Y25          LUT6 (Prop_lut6_I0_O)        0.124     3.601 r  computing_core/row_loop[0].col_loop[1].pe_node/acc_reg1__0_carry__0_i_5/O
                         net (fo=1, routed)           0.000     3.601    computing_core/row_loop[1].col_loop[1].pe_node/acc_reg1__60_carry_1[3]
    SLICE_X3Y25          CARRY4 (Prop_carry4_S[3]_CO[3])
                                                      0.401     4.002 r  computing_core/row_loop[1].col_loop[1].pe_node/acc_reg1__0_carry__0/CO[3]
                         net (fo=1, routed)           0.000     4.002    computing_core/row_loop[1].col_loop[1].pe_node/acc_reg1__0_carry__0_n_0
    SLICE_X3Y26          CARRY4 (Prop_carry4_CI_O[0])
                                                      0.222     4.224 r  computing_core/row_loop[1].col_loop[1].pe_node/acc_reg1__0_carry__1/O[0]
                         net (fo=2, routed)           0.959     5.183    computing_core/row_loop[0].col_loop[1].pe_node/acc_reg1__60_carry__0_i_6_0[0]
    SLICE_X5Y23          LUT4 (Prop_lut4_I3_O)        0.325     5.508 f  computing_core/row_loop[0].col_loop[1].pe_node/acc_reg1__60_carry__0_i_11/O
                         net (fo=4, routed)           1.036     6.545    computing_core/row_loop[0].col_loop[1].pe_node/out_b_reg[7]_0
    SLICE_X5Y22          LUT6 (Prop_lut6_I2_O)        0.326     6.871 r  computing_core/row_loop[0].col_loop[1].pe_node/acc_reg1__60_carry__0_i_2/O
                         net (fo=1, routed)           0.544     7.414    computing_core/row_loop[1].col_loop[1].pe_node/acc_reg[4]_i_6_0[1]
    SLICE_X4Y23          CARRY4 (Prop_carry4_DI[2]_CO[3])
                                                      0.398     7.812 r  computing_core/row_loop[1].col_loop[1].pe_node/acc_reg1__60_carry__0/CO[3]
                         net (fo=1, routed)           0.000     7.812    computing_core/row_loop[1].col_loop[1].pe_node/acc_reg1__60_carry__0_n_0
    SLICE_X4Y24          CARRY4 (Prop_carry4_CI_O[1])
                                                      0.334     8.146 r  computing_core/row_loop[1].col_loop[1].pe_node/acc_reg1__60_carry__1/O[1]
                         net (fo=2, routed)           1.056     9.202    computing_core/row_loop[1].col_loop[1].pe_node/acc_reg1[12]
    SLICE_X0Y27          LUT3 (Prop_lut3_I0_O)        0.303     9.505 r  computing_core/row_loop[1].col_loop[1].pe_node/acc_reg[12]_i_9/O
                         net (fo=1, routed)           0.000     9.505    computing_core/row_loop[1].col_loop[1].pe_node/acc_reg[12]_i_9_n_0
    SLICE_X0Y27          CARRY4 (Prop_carry4_S[0]_CO[3])
                                                      0.532    10.037 r  computing_core/row_loop[1].col_loop[1].pe_node/acc_reg_reg[12]_i_1/CO[3]
                         net (fo=1, routed)           0.000    10.037    computing_core/row_loop[1].col_loop[1].pe_node/acc_reg_reg[12]_i_1_n_0
    SLICE_X0Y28          CARRY4 (Prop_carry4_CI_O[3])
                                                      0.313    10.350 r  computing_core/row_loop[1].col_loop[1].pe_node/acc_reg_reg[16]_i_1/O[3]
                         net (fo=1, routed)           0.000    10.350    computing_core/row_loop[1].col_loop[1].pe_node/acc_reg_reg[16]_i_1_n_4
    SLICE_X0Y28          FDCE                                         r  computing_core/row_loop[1].col_loop[1].pe_node/acc_reg_reg[19]/D
  -------------------------------------------------------------------    -------------------

Slack:                    inf
  Source:                 computing_core/row_loop[1].col_loop[0].pe_node/out_a_reg[5]/C
                            (rising edge-triggered cell FDCE)
  Destination:            computing_core/row_loop[1].col_loop[1].pe_node/acc_reg_reg[18]/D
  Path Group:             (none)
  Path Type:              Max at Slow Process Corner
  Data Path Delay:        10.276ns  (logic 3.784ns (36.824%)  route 6.492ns (63.176%))
  Logic Levels:           12  (CARRY4=6 FDCE=1 LUT3=1 LUT4=1 LUT6=3)

    Location             Delay type                Incr(ns)  Path(ns)    Netlist Resource(s)
  -------------------------------------------------------------------    -------------------
    SLICE_X7Y20          FDCE                         0.000     0.000 r  computing_core/row_loop[1].col_loop[0].pe_node/out_a_reg[5]/C
    SLICE_X7Y20          FDCE (Prop_fdce_C_Q)         0.456     0.456 r  computing_core/row_loop[1].col_loop[0].pe_node/out_a_reg[5]/Q
                         net (fo=20, routed)          1.741     2.197    computing_core/row_loop[0].col_loop[1].pe_node/acc_reg1__60_carry__1_0[5]
    SLICE_X2Y25          LUT6 (Prop_lut6_I3_O)        0.124     2.321 r  computing_core/row_loop[0].col_loop[1].pe_node/acc_reg1__0_carry__0_i_1/O
                         net (fo=2, routed)           1.157     3.477    computing_core/row_loop[0].col_loop[1].pe_node/out_b_reg[2]_0[3]
    SLICE_X3Y25          LUT6 (Prop_lut6_I0_O)        0.124     3.601 r  computing_core/row_loop[0].col_loop[1].pe_node/acc_reg1__0_carry__0_i_5/O
                         net (fo=1, routed)           0.000     3.601    computing_core/row_loop[1].col_loop[1].pe_node/acc_reg1__60_carry_1[3]
    SLICE_X3Y25          CARRY4 (Prop_carry4_S[3]_CO[3])
                                                      0.401     4.002 r  computing_core/row_loop[1].col_loop[1].pe_node/acc_reg1__0_carry__0/CO[3]
                         net (fo=1, routed)           0.000     4.002    computing_core/row_loop[1].col_loop[1].pe_node/acc_reg1__0_carry__0_n_0
    SLICE_X3Y26          CARRY4 (Prop_carry4_CI_O[0])
                                                      0.222     4.224 r  computing_core/row_loop[1].col_loop[1].pe_node/acc_reg1__0_carry__1/O[0]
                         net (fo=2, routed)           0.959     5.183    computing_core/row_loop[0].col_loop[1].pe_node/acc_reg1__60_carry__0_i_6_0[0]
    SLICE_X5Y23          LUT4 (Prop_lut4_I3_O)        0.325     5.508 f  computing_core/row_loop[0].col_loop[1].pe_node/acc_reg1__60_carry__0_i_11/O
                         net (fo=4, routed)           1.036     6.545    computing_core/row_loop[0].col_loop[1].pe_node/out_b_reg[7]_0
    SLICE_X5Y22          LUT6 (Prop_lut6_I2_O)        0.326     6.871 r  computing_core/row_loop[0].col_loop[1].pe_node/acc_reg1__60_carry__0_i_2/O
                         net (fo=1, routed)           0.544     7.414    computing_core/row_loop[1].col_loop[1].pe_node/acc_reg[4]_i_6_0[1]
    SLICE_X4Y23          CARRY4 (Prop_carry4_DI[2]_CO[3])
                                                      0.398     7.812 r  computing_core/row_loop[1].col_loop[1].pe_node/acc_reg1__60_carry__0/CO[3]
                         net (fo=1, routed)           0.000     7.812    computing_core/row_loop[1].col_loop[1].pe_node/acc_reg1__60_carry__0_n_0
    SLICE_X4Y24          CARRY4 (Prop_carry4_CI_O[1])
                                                      0.334     8.146 r  computing_core/row_loop[1].col_loop[1].pe_node/acc_reg1__60_carry__1/O[1]
                         net (fo=2, routed)           1.056     9.202    computing_core/row_loop[1].col_loop[1].pe_node/acc_reg1[12]
    SLICE_X0Y27          LUT3 (Prop_lut3_I0_O)        0.303     9.505 r  computing_core/row_loop[1].col_loop[1].pe_node/acc_reg[12]_i_9/O
                         net (fo=1, routed)           0.000     9.505    computing_core/row_loop[1].col_loop[1].pe_node/acc_reg[12]_i_9_n_0
    SLICE_X0Y27          CARRY4 (Prop_carry4_S[0]_CO[3])
                                                      0.532    10.037 r  computing_core/row_loop[1].col_loop[1].pe_node/acc_reg_reg[12]_i_1/CO[3]
                         net (fo=1, routed)           0.000    10.037    computing_core/row_loop[1].col_loop[1].pe_node/acc_reg_reg[12]_i_1_n_0
    SLICE_X0Y28          CARRY4 (Prop_carry4_CI_O[2])
                                                      0.239    10.276 r  computing_core/row_loop[1].col_loop[1].pe_node/acc_reg_reg[16]_i_1/O[2]
                         net (fo=1, routed)           0.000    10.276    computing_core/row_loop[1].col_loop[1].pe_node/acc_reg_reg[16]_i_1_n_5
    SLICE_X0Y28          FDCE                                         r  computing_core/row_loop[1].col_loop[1].pe_node/acc_reg_reg[18]/D
  -------------------------------------------------------------------    -------------------

Slack:                    inf
  Source:                 computing_core/row_loop[1].col_loop[0].pe_node/out_a_reg[5]/C
                            (rising edge-triggered cell FDCE)
  Destination:            computing_core/row_loop[1].col_loop[1].pe_node/acc_reg_reg[16]/D
  Path Group:             (none)
  Path Type:              Max at Slow Process Corner
  Data Path Delay:        10.260ns  (logic 3.768ns (36.725%)  route 6.492ns (63.275%))
  Logic Levels:           12  (CARRY4=6 FDCE=1 LUT3=1 LUT4=1 LUT6=3)

    Location             Delay type                Incr(ns)  Path(ns)    Netlist Resource(s)
  -------------------------------------------------------------------    -------------------
    SLICE_X7Y20          FDCE                         0.000     0.000 r  computing_core/row_loop[1].col_loop[0].pe_node/out_a_reg[5]/C
    SLICE_X7Y20          FDCE (Prop_fdce_C_Q)         0.456     0.456 r  computing_core/row_loop[1].col_loop[0].pe_node/out_a_reg[5]/Q
                         net (fo=20, routed)          1.741     2.197    computing_core/row_loop[0].col_loop[1].pe_node/acc_reg1__60_carry__1_0[5]
    SLICE_X2Y25          LUT6 (Prop_lut6_I3_O)        0.124     2.321 r  computing_core/row_loop[0].col_loop[1].pe_node/acc_reg1__0_carry__0_i_1/O
                         net (fo=2, routed)           1.157     3.477    computing_core/row_loop[0].col_loop[1].pe_node/out_b_reg[2]_0[3]
    SLICE_X3Y25          LUT6 (Prop_lut6_I0_O)        0.124     3.601 r  computing_core/row_loop[0].col_loop[1].pe_node/acc_reg1__0_carry__0_i_5/O
                         net (fo=1, routed)           0.000     3.601    computing_core/row_loop[1].col_loop[1].pe_node/acc_reg1__60_carry_1[3]
    SLICE_X3Y25          CARRY4 (Prop_carry4_S[3]_CO[3])
                                                      0.401     4.002 r  computing_core/row_loop[1].col_loop[1].pe_node/acc_reg1__0_carry__0/CO[3]
                         net (fo=1, routed)           0.000     4.002    computing_core/row_loop[1].col_loop[1].pe_node/acc_reg1__0_carry__0_n_0
    SLICE_X3Y26          CARRY4 (Prop_carry4_CI_O[0])
                                                      0.222     4.224 r  computing_core/row_loop[1].col_loop[1].pe_node/acc_reg1__0_carry__1/O[0]
                         net (fo=2, routed)           0.959     5.183    computing_core/row_loop[0].col_loop[1].pe_node/acc_reg1__60_carry__0_i_6_0[0]
    SLICE_X5Y23          LUT4 (Prop_lut4_I3_O)        0.325     5.508 f  computing_core/row_loop[0].col_loop[1].pe_node/acc_reg1__60_carry__0_i_11/O
                         net (fo=4, routed)           1.036     6.545    computing_core/row_loop[0].col_loop[1].pe_node/out_b_reg[7]_0
    SLICE_X5Y22          LUT6 (Prop_lut6_I2_O)        0.326     6.871 r  computing_core/row_loop[0].col_loop[1].pe_node/acc_reg1__60_carry__0_i_2/O
                         net (fo=1, routed)           0.544     7.414    computing_core/row_loop[1].col_loop[1].pe_node/acc_reg[4]_i_6_0[1]
    SLICE_X4Y23          CARRY4 (Prop_carry4_DI[2]_CO[3])
                                                      0.398     7.812 r  computing_core/row_loop[1].col_loop[1].pe_node/acc_reg1__60_carry__0/CO[3]
                         net (fo=1, routed)           0.000     7.812    computing_core/row_loop[1].col_loop[1].pe_node/acc_reg1__60_carry__0_n_0
    SLICE_X4Y24          CARRY4 (Prop_carry4_CI_O[1])
                                                      0.334     8.146 r  computing_core/row_loop[1].col_loop[1].pe_node/acc_reg1__60_carry__1/O[1]
                         net (fo=2, routed)           1.056     9.202    computing_core/row_loop[1].col_loop[1].pe_node/acc_reg1[12]
    SLICE_X0Y27          LUT3 (Prop_lut3_I0_O)        0.303     9.505 r  computing_core/row_loop[1].col_loop[1].pe_node/acc_reg[12]_i_9/O
                         net (fo=1, routed)           0.000     9.505    computing_core/row_loop[1].col_loop[1].pe_node/acc_reg[12]_i_9_n_0
    SLICE_X0Y27          CARRY4 (Prop_carry4_S[0]_CO[3])
                                                      0.532    10.037 r  computing_core/row_loop[1].col_loop[1].pe_node/acc_reg_reg[12]_i_1/CO[3]
                         net (fo=1, routed)           0.000    10.037    computing_core/row_loop[1].col_loop[1].pe_node/acc_reg_reg[12]_i_1_n_0
    SLICE_X0Y28          CARRY4 (Prop_carry4_CI_O[0])
                                                      0.223    10.260 r  computing_core/row_loop[1].col_loop[1].pe_node/acc_reg_reg[16]_i_1/O[0]
                         net (fo=1, routed)           0.000    10.260    computing_core/row_loop[1].col_loop[1].pe_node/acc_reg_reg[16]_i_1_n_7
    SLICE_X0Y28          FDCE                                         r  computing_core/row_loop[1].col_loop[1].pe_node/acc_reg_reg[16]/D
  -------------------------------------------------------------------    -------------------

Slack:                    inf
  Source:                 computing_core/row_loop[1].col_loop[0].pe_node/out_a_reg[5]/C
                            (rising edge-triggered cell FDCE)
  Destination:            computing_core/row_loop[1].col_loop[1].pe_node/acc_reg_reg[15]/D
  Path Group:             (none)
  Path Type:              Max at Slow Process Corner
  Data Path Delay:        10.111ns  (logic 3.619ns (35.793%)  route 6.492ns (64.207%))
  Logic Levels:           11  (CARRY4=5 FDCE=1 LUT3=1 LUT4=1 LUT6=3)

    Location             Delay type                Incr(ns)  Path(ns)    Netlist Resource(s)
  -------------------------------------------------------------------    -------------------
    SLICE_X7Y20          FDCE                         0.000     0.000 r  computing_core/row_loop[1].col_loop[0].pe_node/out_a_reg[5]/C
    SLICE_X7Y20          FDCE (Prop_fdce_C_Q)         0.456     0.456 r  computing_core/row_loop[1].col_loop[0].pe_node/out_a_reg[5]/Q
                         net (fo=20, routed)          1.741     2.197    computing_core/row_loop[0].col_loop[1].pe_node/acc_reg1__60_carry__1_0[5]
    SLICE_X2Y25          LUT6 (Prop_lut6_I3_O)        0.124     2.321 r  computing_core/row_loop[0].col_loop[1].pe_node/acc_reg1__0_carry__0_i_1/O
                         net (fo=2, routed)           1.157     3.477    computing_core/row_loop[0].col_loop[1].pe_node/out_b_reg[2]_0[3]
    SLICE_X3Y25          LUT6 (Prop_lut6_I0_O)        0.124     3.601 r  computing_core/row_loop[0].col_loop[1].pe_node/acc_reg1__0_carry__0_i_5/O
                         net (fo=1, routed)           0.000     3.601    computing_core/row_loop[1].col_loop[1].pe_node/acc_reg1__60_carry_1[3]
    SLICE_X3Y25          CARRY4 (Prop_carry4_S[3]_CO[3])
                                                      0.401     4.002 r  computing_core/row_loop[1].col_loop[1].pe_node/acc_reg1__0_carry__0/CO[3]
                         net (fo=1, routed)           0.000     4.002    computing_core/row_loop[1].col_loop[1].pe_node/acc_reg1__0_carry__0_n_0
    SLICE_X3Y26          CARRY4 (Prop_carry4_CI_O[0])
                                                      0.222     4.224 r  computing_core/row_loop[1].col_loop[1].pe_node/acc_reg1__0_carry__1/O[0]
                         net (fo=2, routed)           0.959     5.183    computing_core/row_loop[0].col_loop[1].pe_node/acc_reg1__60_carry__0_i_6_0[0]
    SLICE_X5Y23          LUT4 (Prop_lut4_I3_O)        0.325     5.508 f  computing_core/row_loop[0].col_loop[1].pe_node/acc_reg1__60_carry__0_i_11/O
                         net (fo=4, routed)           1.036     6.545    computing_core/row_loop[0].col_loop[1].pe_node/out_b_reg[7]_0
    SLICE_X5Y22          LUT6 (Prop_lut6_I2_O)        0.326     6.871 r  computing_core/row_loop[0].col_loop[1].pe_node/acc_reg1__60_carry__0_i_2/O
                         net (fo=1, routed)           0.544     7.414    computing_core/row_loop[1].col_loop[1].pe_node/acc_reg[4]_i_6_0[1]
    SLICE_X4Y23          CARRY4 (Prop_carry4_DI[2]_CO[3])
                                                      0.398     7.812 r  computing_core/row_loop[1].col_loop[1].pe_node/acc_reg1__60_carry__0/CO[3]
                         net (fo=1, routed)           0.000     7.812    computing_core/row_loop[1].col_loop[1].pe_node/acc_reg1__60_carry__0_n_0
    SLICE_X4Y24          CARRY4 (Prop_carry4_CI_O[1])
                                                      0.334     8.146 r  computing_core/row_loop[1].col_loop[1].pe_node/acc_reg1__60_carry__1/O[1]
                         net (fo=2, routed)           1.056     9.202    computing_core/row_loop[1].col_loop[1].pe_node/acc_reg1[12]
    SLICE_X0Y27          LUT3 (Prop_lut3_I0_O)        0.303     9.505 r  computing_core/row_loop[1].col_loop[1].pe_node/acc_reg[12]_i_9/O
                         net (fo=1, routed)           0.000     9.505    computing_core/row_loop[1].col_loop[1].pe_node/acc_reg[12]_i_9_n_0
    SLICE_X0Y27          CARRY4 (Prop_carry4_S[0]_O[3])
                                                      0.606    10.111 r  computing_core/row_loop[1].col_loop[1].pe_node/acc_reg_reg[12]_i_1/O[3]
                         net (fo=1, routed)           0.000    10.111    computing_core/row_loop[1].col_loop[1].pe_node/acc_reg_reg[12]_i_1_n_4
    SLICE_X0Y27          FDCE                                         r  computing_core/row_loop[1].col_loop[1].pe_node/acc_reg_reg[15]/D
  -------------------------------------------------------------------    -------------------

Slack:                    inf
  Source:                 computing_core/skew_b[1].sb_b/delay_chain.shift_reg_reg[0][2]/C
                            (rising edge-triggered cell FDCE)
  Destination:            computing_core/row_loop[0].col_loop[1].pe_node/acc_reg_reg[21]/D
  Path Group:             (none)
  Path Type:              Max at Slow Process Corner
  Data Path Delay:        10.076ns  (logic 4.253ns (42.208%)  route 5.823ns (57.792%))
  Logic Levels:           13  (CARRY4=7 FDCE=1 LUT3=1 LUT4=2 LUT6=2)

    Location             Delay type                Incr(ns)  Path(ns)    Netlist Resource(s)
  -------------------------------------------------------------------    -------------------
    SLICE_X7Y24          FDCE                         0.000     0.000 r  computing_core/skew_b[1].sb_b/delay_chain.shift_reg_reg[0][2]/C
    SLICE_X7Y24          FDCE (Prop_fdce_C_Q)         0.456     0.456 r  computing_core/skew_b[1].sb_b/delay_chain.shift_reg_reg[0][2]/Q
                         net (fo=17, routed)          2.197     2.653    computing_core/skew_b[1].sb_b/Q[2]
    SLICE_X5Y13          LUT6 (Prop_lut6_I0_O)        0.124     2.777 r  computing_core/skew_b[1].sb_b/acc_reg1__0_carry__0_i_3__1/O
                         net (fo=2, routed)           0.810     3.586    computing_core/skew_b[1].sb_b/delay_chain.shift_reg_reg[0][2]_0[1]
    SLICE_X4Y15          LUT6 (Prop_lut6_I0_O)        0.124     3.710 r  computing_core/skew_b[1].sb_b/acc_reg1__0_carry__0_i_7__1/O
                         net (fo=1, routed)           0.000     3.710    computing_core/row_loop[0].col_loop[1].pe_node/acc_reg1__60_carry_1[1]
    SLICE_X4Y15          CARRY4 (Prop_carry4_S[1]_CO[3])
                                                      0.550     4.260 r  computing_core/row_loop[0].col_loop[1].pe_node/acc_reg1__0_carry__0/CO[3]
                         net (fo=1, routed)           0.000     4.260    computing_core/row_loop[0].col_loop[1].pe_node/acc_reg1__0_carry__0_n_0
    SLICE_X4Y16          CARRY4 (Prop_carry4_CI_O[1])
                                                      0.334     4.594 r  computing_core/row_loop[0].col_loop[1].pe_node/acc_reg1__0_carry__1/O[1]
                         net (fo=2, routed)           0.983     5.578    computing_core/skew_b[1].sb_b/acc_reg1__60_carry__0_i_6__1_0[1]
    SLICE_X2Y15          LUT4 (Prop_lut4_I3_O)        0.332     5.910 f  computing_core/skew_b[1].sb_b/acc_reg1__60_carry__0_i_9__1/O
                         net (fo=3, routed)           0.708     6.618    computing_core/skew_b[1].sb_b/acc_reg1__60_carry__0_i_9__1_n_0
    SLICE_X2Y15          LUT4 (Prop_lut4_I2_O)        0.331     6.949 r  computing_core/skew_b[1].sb_b/acc_reg1__60_carry__0_i_1__1/O
                         net (fo=1, routed)           0.190     7.139    computing_core/row_loop[0].col_loop[1].pe_node/acc_reg[4]_i_6__1_0[2]
    SLICE_X3Y15          CARRY4 (Prop_carry4_DI[3]_CO[3])
                                                      0.385     7.524 r  computing_core/row_loop[0].col_loop[1].pe_node/acc_reg1__60_carry__0/CO[3]
                         net (fo=1, routed)           0.000     7.524    computing_core/row_loop[0].col_loop[1].pe_node/acc_reg1__60_carry__0_n_0
    SLICE_X3Y16          CARRY4 (Prop_carry4_CI_O[1])
                                                      0.334     7.858 r  computing_core/row_loop[0].col_loop[1].pe_node/acc_reg1__60_carry__1/O[1]
                         net (fo=2, routed)           0.936     8.793    computing_core/row_loop[0].col_loop[1].pe_node/acc_reg1__60_carry__1_n_6
    SLICE_X0Y16          LUT3 (Prop_lut3_I0_O)        0.303     9.096 r  computing_core/row_loop[0].col_loop[1].pe_node/acc_reg[12]_i_9__1/O
                         net (fo=1, routed)           0.000     9.096    computing_core/row_loop[0].col_loop[1].pe_node/acc_reg[12]_i_9__1_n_0
    SLICE_X0Y16          CARRY4 (Prop_carry4_S[0]_CO[3])
                                                      0.532     9.628 r  computing_core/row_loop[0].col_loop[1].pe_node/acc_reg_reg[12]_i_1__1/CO[3]
                         net (fo=1, routed)           0.000     9.628    computing_core/row_loop[0].col_loop[1].pe_node/acc_reg_reg[12]_i_1__1_n_0
    SLICE_X0Y17          CARRY4 (Prop_carry4_CI_CO[3])
                                                      0.114     9.742 r  computing_core/row_loop[0].col_loop[1].pe_node/acc_reg_reg[16]_i_1__1/CO[3]
                         net (fo=1, routed)           0.000     9.742    computing_core/row_loop[0].col_loop[1].pe_node/acc_reg_reg[16]_i_1__1_n_0
    SLICE_X0Y18          CARRY4 (Prop_carry4_CI_O[1])
                                                      0.334    10.076 r  computing_core/row_loop[0].col_loop[1].pe_node/acc_reg_reg[20]_i_1__1/O[1]
                         net (fo=1, routed)           0.000    10.076    computing_core/row_loop[0].col_loop[1].pe_node/acc_reg_reg[20]_i_1__1_n_6
    SLICE_X0Y18          FDCE                                         r  computing_core/row_loop[0].col_loop[1].pe_node/acc_reg_reg[21]/D
  -------------------------------------------------------------------    -------------------





Min Delay Paths
--------------------------------------------------------------------------------------
Slack:                    inf
  Source:                 bram_bank_a[1].mem_a/dout_reg[4]/C
                            (rising edge-triggered cell FDRE)
  Destination:            computing_core/skew_a[1].sb_a/delay_chain.shift_reg_reg[0][4]/D
  Path Group:             (none)
  Path Type:              Min at Fast Process Corner
  Data Path Delay:        0.265ns  (logic 0.164ns (61.886%)  route 0.101ns (38.114%))
  Logic Levels:           1  (FDRE=1)

    Location             Delay type                Incr(ns)  Path(ns)    Netlist Resource(s)
  -------------------------------------------------------------------    -------------------
    SLICE_X10Y16         FDRE                         0.000     0.000 r  bram_bank_a[1].mem_a/dout_reg[4]/C
    SLICE_X10Y16         FDRE (Prop_fdre_C_Q)         0.164     0.164 r  bram_bank_a[1].mem_a/dout_reg[4]/Q
                         net (fo=1, routed)           0.101     0.265    computing_core/skew_a[1].sb_a/delay_chain.shift_reg_reg[0][7]_1[4]
    SLICE_X9Y17          FDCE                                         r  computing_core/skew_a[1].sb_a/delay_chain.shift_reg_reg[0][4]/D
  -------------------------------------------------------------------    -------------------

Slack:                    inf
  Source:                 bram_bank_a[1].mem_a/dout_reg[2]/C
                            (rising edge-triggered cell FDRE)
  Destination:            computing_core/skew_a[1].sb_a/delay_chain.shift_reg_reg[0][2]/D
  Path Group:             (none)
  Path Type:              Min at Fast Process Corner
  Data Path Delay:        0.269ns  (logic 0.164ns (60.944%)  route 0.105ns (39.056%))
  Logic Levels:           1  (FDRE=1)

    Location             Delay type                Incr(ns)  Path(ns)    Netlist Resource(s)
  -------------------------------------------------------------------    -------------------
    SLICE_X10Y15         FDRE                         0.000     0.000 r  bram_bank_a[1].mem_a/dout_reg[2]/C
    SLICE_X10Y15         FDRE (Prop_fdre_C_Q)         0.164     0.164 r  bram_bank_a[1].mem_a/dout_reg[2]/Q
                         net (fo=1, routed)           0.105     0.269    computing_core/skew_a[1].sb_a/delay_chain.shift_reg_reg[0][7]_1[2]
    SLICE_X8Y16          FDCE                                         r  computing_core/skew_a[1].sb_a/delay_chain.shift_reg_reg[0][2]/D
  -------------------------------------------------------------------    -------------------

Slack:                    inf
  Source:                 bram_bank_b[1].mem_b/dout_reg[5]/C
                            (rising edge-triggered cell FDRE)
  Destination:            computing_core/skew_b[1].sb_b/delay_chain.shift_reg_reg[0][5]/D
  Path Group:             (none)
  Path Type:              Min at Fast Process Corner
  Data Path Delay:        0.269ns  (logic 0.164ns (60.944%)  route 0.105ns (39.056%))
  Logic Levels:           1  (FDRE=1)

    Location             Delay type                Incr(ns)  Path(ns)    Netlist Resource(s)
  -------------------------------------------------------------------    -------------------
    SLICE_X10Y26         FDRE                         0.000     0.000 r  bram_bank_b[1].mem_b/dout_reg[5]/C
    SLICE_X10Y26         FDRE (Prop_fdre_C_Q)         0.164     0.164 r  bram_bank_b[1].mem_b/dout_reg[5]/Q
                         net (fo=1, routed)           0.105     0.269    computing_core/skew_b[1].sb_b/delay_chain.shift_reg_reg[0][7]_2[5]
    SLICE_X8Y25          FDCE                                         r  computing_core/skew_b[1].sb_b/delay_chain.shift_reg_reg[0][5]/D
  -------------------------------------------------------------------    -------------------

Slack:                    inf
  Source:                 computing_core/row_loop[0].col_loop[1].pe_node/acc_reg_reg[0]/C
                            (rising edge-triggered cell FDCE)
  Destination:            output_filter/denoised_matrix_out_reg[0][1][0]/D
  Path Group:             (none)
  Path Type:              Min at Fast Process Corner
  Data Path Delay:        0.283ns  (logic 0.186ns (65.775%)  route 0.097ns (34.225%))
  Logic Levels:           2  (FDCE=1 LUT3=1)

    Location             Delay type                Incr(ns)  Path(ns)    Netlist Resource(s)
  -------------------------------------------------------------------    -------------------
    SLICE_X0Y13          FDCE                         0.000     0.000 r  computing_core/row_loop[0].col_loop[1].pe_node/acc_reg_reg[0]/C
    SLICE_X0Y13          FDCE (Prop_fdce_C_Q)         0.141     0.141 r  computing_core/row_loop[0].col_loop[1].pe_node/acc_reg_reg[0]/Q
                         net (fo=2, routed)           0.097     0.238    computing_core/row_loop[0].col_loop[1].pe_node/acc_reg_reg[0]
    SLICE_X1Y13          LUT3 (Prop_lut3_I0_O)        0.045     0.283 r  computing_core/row_loop[0].col_loop[1].pe_node/denoised_matrix_out[0][1][0]_i_1/O
                         net (fo=1, routed)           0.000     0.283    output_filter/denoised_matrix_out_reg[0][1][7]_1[0]
    SLICE_X1Y13          FDCE                                         r  output_filter/denoised_matrix_out_reg[0][1][0]/D
  -------------------------------------------------------------------    -------------------

Slack:                    inf
  Source:                 computing_core/row_loop[1].col_loop[1].pe_node/acc_reg_reg[0]/C
                            (rising edge-triggered cell FDCE)
  Destination:            output_filter/denoised_matrix_out_reg[1][1][0]/D
  Path Group:             (none)
  Path Type:              Min at Fast Process Corner
  Data Path Delay:        0.283ns  (logic 0.186ns (65.775%)  route 0.097ns (34.225%))
  Logic Levels:           2  (FDCE=1 LUT3=1)

    Location             Delay type                Incr(ns)  Path(ns)    Netlist Resource(s)
  -------------------------------------------------------------------    -------------------
    SLICE_X0Y24          FDCE                         0.000     0.000 r  computing_core/row_loop[1].col_loop[1].pe_node/acc_reg_reg[0]/C
    SLICE_X0Y24          FDCE (Prop_fdce_C_Q)         0.141     0.141 r  computing_core/row_loop[1].col_loop[1].pe_node/acc_reg_reg[0]/Q
                         net (fo=2, routed)           0.097     0.238    computing_core/row_loop[1].col_loop[1].pe_node/acc_reg_reg[0]
    SLICE_X1Y24          LUT3 (Prop_lut3_I0_O)        0.045     0.283 r  computing_core/row_loop[1].col_loop[1].pe_node/denoised_matrix_out[1][1][0]_i_1/O
                         net (fo=1, routed)           0.000     0.283    output_filter/D[0]
    SLICE_X1Y24          FDCE                                         r  output_filter/denoised_matrix_out_reg[1][1][0]/D
  -------------------------------------------------------------------    -------------------

Slack:                    inf
  Source:                 bram_bank_b[1].mem_b/dout_reg[2]/C
                            (rising edge-triggered cell FDRE)
  Destination:            computing_core/skew_b[1].sb_b/delay_chain.shift_reg_reg[0][2]/D
  Path Group:             (none)
  Path Type:              Min at Fast Process Corner
  Data Path Delay:        0.284ns  (logic 0.164ns (57.696%)  route 0.120ns (42.304%))
  Logic Levels:           1  (FDRE=1)

    Location             Delay type                Incr(ns)  Path(ns)    Netlist Resource(s)
  -------------------------------------------------------------------    -------------------
    SLICE_X10Y24         FDRE                         0.000     0.000 r  bram_bank_b[1].mem_b/dout_reg[2]/C
    SLICE_X10Y24         FDRE (Prop_fdre_C_Q)         0.164     0.164 r  bram_bank_b[1].mem_b/dout_reg[2]/Q
                         net (fo=1, routed)           0.120     0.284    computing_core/skew_b[1].sb_b/delay_chain.shift_reg_reg[0][7]_2[2]
    SLICE_X7Y24          FDCE                                         r  computing_core/skew_b[1].sb_b/delay_chain.shift_reg_reg[0][2]/D
  -------------------------------------------------------------------    -------------------

Slack:                    inf
  Source:                 bram_bank_b[0].mem_b/dout_reg[2]/C
                            (rising edge-triggered cell FDRE)
  Destination:            computing_core/row_loop[0].col_loop[0].pe_node/out_b_reg[2]/D
  Path Group:             (none)
  Path Type:              Min at Fast Process Corner
  Data Path Delay:        0.296ns  (logic 0.164ns (55.333%)  route 0.132ns (44.667%))
  Logic Levels:           1  (FDRE=1)

    Location             Delay type                Incr(ns)  Path(ns)    Netlist Resource(s)
  -------------------------------------------------------------------    -------------------
    SLICE_X10Y17         FDRE                         0.000     0.000 r  bram_bank_b[0].mem_b/dout_reg[2]/C
    SLICE_X10Y17         FDRE (Prop_fdre_C_Q)         0.164     0.164 r  bram_bank_b[0].mem_b/dout_reg[2]/Q
                         net (fo=17, routed)          0.132     0.296    computing_core/row_loop[0].col_loop[0].pe_node/out_b_reg[7]_2[2]
    SLICE_X7Y17          FDCE                                         r  computing_core/row_loop[0].col_loop[0].pe_node/out_b_reg[2]/D
  -------------------------------------------------------------------    -------------------

Slack:                    inf
  Source:                 bram_bank_a[1].mem_a/dout_reg[6]/C
                            (rising edge-triggered cell FDRE)
  Destination:            computing_core/skew_a[1].sb_a/delay_chain.shift_reg_reg[0][6]/D
  Path Group:             (none)
  Path Type:              Min at Fast Process Corner
  Data Path Delay:        0.321ns  (logic 0.164ns (51.109%)  route 0.157ns (48.891%))
  Logic Levels:           1  (FDRE=1)

    Location             Delay type                Incr(ns)  Path(ns)    Netlist Resource(s)
  -------------------------------------------------------------------    -------------------
    SLICE_X10Y16         FDRE                         0.000     0.000 r  bram_bank_a[1].mem_a/dout_reg[6]/C
    SLICE_X10Y16         FDRE (Prop_fdre_C_Q)         0.164     0.164 r  bram_bank_a[1].mem_a/dout_reg[6]/Q
                         net (fo=1, routed)           0.157     0.321    computing_core/skew_a[1].sb_a/delay_chain.shift_reg_reg[0][7]_1[6]
    SLICE_X9Y17          FDCE                                         r  computing_core/skew_a[1].sb_a/delay_chain.shift_reg_reg[0][6]/D
  -------------------------------------------------------------------    -------------------

Slack:                    inf
  Source:                 bram_bank_a[1].mem_a/dout_reg[0]/C
                            (rising edge-triggered cell FDRE)
  Destination:            computing_core/skew_a[1].sb_a/delay_chain.shift_reg_reg[0][0]/D
  Path Group:             (none)
  Path Type:              Min at Fast Process Corner
  Data Path Delay:        0.326ns  (logic 0.164ns (50.382%)  route 0.162ns (49.618%))
  Logic Levels:           1  (FDRE=1)

    Location             Delay type                Incr(ns)  Path(ns)    Netlist Resource(s)
  -------------------------------------------------------------------    -------------------
    SLICE_X10Y15         FDRE                         0.000     0.000 r  bram_bank_a[1].mem_a/dout_reg[0]/C
    SLICE_X10Y15         FDRE (Prop_fdre_C_Q)         0.164     0.164 r  bram_bank_a[1].mem_a/dout_reg[0]/Q
                         net (fo=1, routed)           0.162     0.326    computing_core/skew_a[1].sb_a/delay_chain.shift_reg_reg[0][7]_1[0]
    SLICE_X9Y16          FDCE                                         r  computing_core/skew_a[1].sb_a/delay_chain.shift_reg_reg[0][0]/D
  -------------------------------------------------------------------    -------------------

Slack:                    inf
  Source:                 computing_core/row_loop[0].col_loop[1].pe_node/acc_reg_reg[1]/C
                            (rising edge-triggered cell FDCE)
  Destination:            output_filter/denoised_matrix_out_reg[0][1][1]/D
  Path Group:             (none)
  Path Type:              Min at Fast Process Corner
  Data Path Delay:        0.335ns  (logic 0.187ns (55.815%)  route 0.148ns (44.185%))
  Logic Levels:           2  (FDCE=1 LUT3=1)

    Location             Delay type                Incr(ns)  Path(ns)    Netlist Resource(s)
  -------------------------------------------------------------------    -------------------
    SLICE_X0Y13          FDCE                         0.000     0.000 r  computing_core/row_loop[0].col_loop[1].pe_node/acc_reg_reg[1]/C
    SLICE_X0Y13          FDCE (Prop_fdce_C_Q)         0.141     0.141 r  computing_core/row_loop[0].col_loop[1].pe_node/acc_reg_reg[1]/Q
                         net (fo=2, routed)           0.148     0.289    computing_core/row_loop[0].col_loop[1].pe_node/acc_reg_reg[1]
    SLICE_X1Y13          LUT3 (Prop_lut3_I0_O)        0.046     0.335 r  computing_core/row_loop[0].col_loop[1].pe_node/denoised_matrix_out[0][1][1]_i_1/O
                         net (fo=1, routed)           0.000     0.335    output_filter/denoised_matrix_out_reg[0][1][7]_1[1]
    SLICE_X1Y13          FDCE                                         r  output_filter/denoised_matrix_out_reg[0][1][1]/D
  -------------------------------------------------------------------    -------------------





