Copyright 1986-2022 Xilinx, Inc. All Rights Reserved. Copyright 2022-2025 Advanced Micro Devices, Inc. All Rights Reserved.
---------------------------------------------------------------------------------------------------------------------------------------------
| Tool Version : Vivado v.2025.2 (win64) Build 6299465 Fri Nov 14 19:35:11 GMT 2025
| Date         : Thu Oct  8 00:35:35 2026
| Host         : LAPTOP-CS6JNLD3 running 64-bit major release  (build 9200)
| Command      : report_control_sets -verbose -file systolic_top_control_sets_placed.rpt
| Design       : systolic_top
| Device       : xc7s6
---------------------------------------------------------------------------------------------------------------------------------------------

Control Set Information

Table of Contents
-----------------
1. Summary
2. Histogram
3. Flip-Flop Distribution
4. Detailed Control Set Information

1. Summary
----------

+----------------------------------------------------------+-------+
|                          Status                          | Count |
+----------------------------------------------------------+-------+
| Total control sets                                       |     7 |
|    Minimum number of control sets                        |     7 |
|    Addition due to synthesis replication                 |     0 |
|    Addition due to physical synthesis replication        |     0 |
| Unused register locations in slices containing registers |     7 |
+----------------------------------------------------------+-------+
* Control sets can be merged at opt_design using control_set_merge or merge_equivalent_drivers
** Run report_qor_suggestions for automated merging and remapping suggestions


2. Histogram
------------

+--------------------+-------+
|       Fanout       | Count |
+--------------------+-------+
| Total control sets |     7 |
| >= 0 to < 4        |     0 |
| >= 4 to < 6        |     1 |
| >= 6 to < 8        |     0 |
| >= 8 to < 10       |     4 |
| >= 10 to < 12      |     0 |
| >= 12 to < 14      |     0 |
| >= 14 to < 16      |     0 |
| >= 16              |     2 |
+--------------------+-------+
* Control sets can be remapped at either synth_design or opt_design


3. Flip-Flop Distribution
-------------------------

+--------------+-----------------------+------------------------+-----------------+--------------+
| Clock Enable | Synchronous Set/Reset | Asynchronous Set/Reset | Total Registers | Total Slices |
+--------------+-----------------------+------------------------+-----------------+--------------+
| No           | No                    | No                     |              32 |            8 |
| No           | No                    | Yes                    |             181 |           60 |
| No           | Yes                   | No                     |               0 |            0 |
| Yes          | No                    | No                     |               0 |            0 |
| Yes          | No                    | Yes                    |               4 |            1 |
| Yes          | Yes                   | No                     |               0 |            0 |
+--------------+-----------------------+------------------------+-----------------+--------------+


4. Detailed Control Set Information
-----------------------------------

+----------------+--------------------------------------------------+------------------------------------------------------+------------------+----------------+--------------+
|  Clock Signal  |                   Enable Signal                  |                   Set/Reset Signal                   | Slice Load Count | Bel Load Count | Bels / Slice |
+----------------+--------------------------------------------------+------------------------------------------------------+------------------+----------------+--------------+
|  clk_IBUF_BUFG | central_ctrl/FSM_onehot_current_state[3]_i_1_n_0 | computing_core/row_loop[0].col_loop[0].pe_node/rst_n |                1 |              4 |         4.00 |
|  clk_IBUF_BUFG | central_ctrl/we00_out                            |                                                      |                2 |              8 |         4.00 |
|  clk_IBUF_BUFG | central_ctrl/we02_out                            |                                                      |                2 |              8 |         4.00 |
|  clk_IBUF_BUFG | central_ctrl/we03_out                            |                                                      |                2 |              8 |         4.00 |
|  clk_IBUF_BUFG | central_ctrl/we0                                 |                                                      |                2 |              8 |         4.00 |
|  clk_IBUF_BUFG |                                                  |                                                      |                8 |             32 |         4.00 |
|  clk_IBUF_BUFG |                                                  | computing_core/row_loop[0].col_loop[0].pe_node/rst_n |               60 |            181 |         3.02 |
+----------------+--------------------------------------------------+------------------------------------------------------+------------------+----------------+--------------+


